Archive member included to satisfy reference by file (symbol)

/usr/lib/gcc/arm-none-eabi/9.2.1/../../../arm-none-eabi/lib/thumb/v6-m/nofp/libstdc++.a(guard.o)
                              CMakeFiles/main.dir/Src/main.cpp.obj (__cxa_guard_acquire)
/usr/lib/gcc/arm-none-eabi/9.2.1/../../../arm-none-eabi/lib/thumb/v6-m/nofp/libstdc++.a(guard_error.o)
                              /usr/lib/gcc/arm-none-eabi/9.2.1/../../../arm-none-eabi/lib/thumb/v6-m/nofp/libstdc++.a(guard.o) (__gnu_cxx::recursive_init_error::~recursive_init_error())
/usr/lib/gcc/arm-none-eabi/9.2.1/../../../arm-none-eabi/lib/thumb/v6-m/nofp/libstdc++.a(si_class_type_info.o)
                              /usr/lib/gcc/arm-none-eabi/9.2.1/../../../arm-none-eabi/lib/thumb/v6-m/nofp/libstdc++.a(guard_error.o) (vtable for __cxxabiv1::__si_class_type_info)
/usr/lib/gcc/arm-none-eabi/9.2.1/../../../arm-none-eabi/lib/thumb/v6-m/nofp/libstdc++.a(tinfo.o)
                              /usr/lib/gcc/arm-none-eabi/9.2.1/../../../arm-none-eabi/lib/thumb/v6-m/nofp/libstdc++.a(si_class_type_info.o) (std::type_info::__is_pointer_p() const)
/usr/lib/gcc/arm-none-eabi/9.2.1/../../../arm-none-eabi/lib/thumb/v6-m/nofp/libstdc++.a(class_type_info.o)
                              /usr/lib/gcc/arm-none-eabi/9.2.1/../../../arm-none-eabi/lib/thumb/v6-m/nofp/libstdc++.a(si_class_type_info.o) (__cxxabiv1::__class_type_info::__do_upcast(__cxxabiv1::__class_type_info const*, void**) const)
/usr/lib/gcc/arm-none-eabi/9.2.1/../../../arm-none-eabi/lib/thumb/v6-m/nofp/libstdc++.a(eh_alloc.o)
                              /usr/lib/gcc/arm-none-eabi/9.2.1/../../../arm-none-eabi/lib/thumb/v6-m/nofp/libstdc++.a(guard.o) (__cxa_allocate_exception)
/usr/lib/gcc/arm-none-eabi/9.2.1/../../../arm-none-eabi/lib/thumb/v6-m/nofp/libstdc++.a(eh_exception.o)
                              /usr/lib/gcc/arm-none-eabi/9.2.1/../../../arm-none-eabi/lib/thumb/v6-m/nofp/libstdc++.a(guard_error.o) (std::exception::~exception())
/usr/lib/gcc/arm-none-eabi/9.2.1/../../../arm-none-eabi/lib/thumb/v6-m/nofp/libstdc++.a(eh_terminate.o)
                              /usr/lib/gcc/arm-none-eabi/9.2.1/../../../arm-none-eabi/lib/thumb/v6-m/nofp/libstdc++.a(eh_alloc.o) (std::terminate())
/usr/lib/gcc/arm-none-eabi/9.2.1/../../../arm-none-eabi/lib/thumb/v6-m/nofp/libstdc++.a(eh_throw.o)
                              /usr/lib/gcc/arm-none-eabi/9.2.1/../../../arm-none-eabi/lib/thumb/v6-m/nofp/libstdc++.a(guard.o) (__cxa_throw)
/usr/lib/gcc/arm-none-eabi/9.2.1/../../../arm-none-eabi/lib/thumb/v6-m/nofp/libstdc++.a(eh_unex_handler.o)
                              /usr/lib/gcc/arm-none-eabi/9.2.1/../../../arm-none-eabi/lib/thumb/v6-m/nofp/libstdc++.a(eh_terminate.o) (__cxxabiv1::__unexpected_handler)
/usr/lib/gcc/arm-none-eabi/9.2.1/../../../arm-none-eabi/lib/thumb/v6-m/nofp/libstdc++.a(pure.o)
                              /usr/lib/gcc/arm-none-eabi/9.2.1/../../../arm-none-eabi/lib/thumb/v6-m/nofp/libstdc++.a(eh_exception.o) (__cxa_pure_virtual)
/usr/lib/gcc/arm-none-eabi/9.2.1/../../../arm-none-eabi/lib/thumb/v6-m/nofp/libstdc++.a(eh_arm.o)
                              /usr/lib/gcc/arm-none-eabi/9.2.1/../../../arm-none-eabi/lib/thumb/v6-m/nofp/libstdc++.a(eh_terminate.o) (__cxa_end_cleanup)
/usr/lib/gcc/arm-none-eabi/9.2.1/../../../arm-none-eabi/lib/thumb/v6-m/nofp/libstdc++.a(eh_call.o)
                              /usr/lib/gcc/arm-none-eabi/9.2.1/../../../arm-none-eabi/lib/thumb/v6-m/nofp/libstdc++.a(eh_terminate.o) (__cxa_call_unexpected)
/usr/lib/gcc/arm-none-eabi/9.2.1/../../../arm-none-eabi/lib/thumb/v6-m/nofp/libstdc++.a(eh_catch.o)
                              /usr/lib/gcc/arm-none-eabi/9.2.1/../../../arm-none-eabi/lib/thumb/v6-m/nofp/libstdc++.a(eh_terminate.o) (__cxa_begin_catch)
/usr/lib/gcc/arm-none-eabi/9.2.1/../../../arm-none-eabi/lib/thumb/v6-m/nofp/libstdc++.a(eh_globals.o)
                              /usr/lib/gcc/arm-none-eabi/9.2.1/../../../arm-none-eabi/lib/thumb/v6-m/nofp/libstdc++.a(eh_call.o) (__cxa_get_globals_fast)
/usr/lib/gcc/arm-none-eabi/9.2.1/../../../arm-none-eabi/lib/thumb/v6-m/nofp/libstdc++.a(eh_personality.o)
                              /usr/lib/gcc/arm-none-eabi/9.2.1/../../../arm-none-eabi/lib/thumb/v6-m/nofp/libstdc++.a(eh_terminate.o) (__gxx_personality_v0)
/usr/lib/gcc/arm-none-eabi/9.2.1/../../../arm-none-eabi/lib/thumb/v6-m/nofp/libstdc++.a(eh_term_handler.o)
                              /usr/lib/gcc/arm-none-eabi/9.2.1/../../../arm-none-eabi/lib/thumb/v6-m/nofp/libstdc++.a(eh_terminate.o) (__cxxabiv1::__terminate_handler)
/usr/lib/gcc/arm-none-eabi/9.2.1/thumb/v6-m/nofp/libgcc.a(_dvmd_tls.o)
                              CMakeFiles/main.dir/mnt/DATA/Projects/pico/pico-sdk/src/rp2_common/pico_divider/divider.S.obj (__aeabi_idiv0)
/usr/lib/gcc/arm-none-eabi/9.2.1/thumb/v6-m/nofp/libgcc.a(unwind-arm.o)
                              /usr/lib/gcc/arm-none-eabi/9.2.1/../../../arm-none-eabi/lib/thumb/v6-m/nofp/libstdc++.a(si_class_type_info.o) (__aeabi_unwind_cpp_pr1)
[...]
Memory Configuration

Name             Origin             Length             Attributes
FLASH            0x0000000010000000 0x0000000000200000 xr
RAM              0x0000000020000000 0x0000000000040000 xrw
SCRATCH_X        0x0000000020040000 0x0000000000001000 xrw
SCRATCH_Y        0x0000000020041000 0x0000000000001000 xrw
*default*        0x0000000000000000 0xffffffffffffffff

Linker script and memory map

LOAD /usr/lib/gcc/arm-none-eabi/9.2.1/thumb/v6-m/nofp/crti.o
LOAD /usr/lib/gcc/arm-none-eabi/9.2.1/thumb/v6-m/nofp/crtbegin.o
LOAD /usr/lib/gcc/arm-none-eabi/9.2.1/../../../arm-none-eabi/lib/thumb/v6-m/nofp/crt0.o

.flash_begin    0x0000000010000000        0x0
                0x0000000010000000                __flash_binary_start = .

.boot2          0x0000000010000000      0x100
                0x0000000010000000                __boot2_start__ = .
 *(.boot2)
 .boot2         0x0000000010000000      0x100 /tmp/ccemRhV2.o
                0x0000000010000100                __boot2_end__ = .
                0x0000000000000001                ASSERT (((__boot2_end__ - __boot2_start__) == 0x100), ERROR: Pico second stage bootloader must be 256 bytes in size)

.text           0x0000000010000100     0xb378
                0x0000000010000100                __logical_binary_start = .
 *(.vectors)
 .vectors       0x0000000010000100       0xd4 CMakeFiles/main.dir/mnt/DATA/Projects/pico/pico-sdk/src/rp2_common/pico_standard_link/crt0.S.obj
                0x0000000010000100                __vectors
                0x0000000010000100                __VECTOR_TABLE
                0x00000000100001c0                isr_invalid
                0x00000000100001c0                __default_isrs_start
                0x00000000100001c2                isr_nmi
                0x00000000100001c4                isr_hardfault
                0x00000000100001c6                isr_svcall
                0x00000000100001c8                isr_pendsv
                0x00000000100001ca                isr_systick
                0x00000000100001cc                isr_irq30
                0x00000000100001cc                __unhandled_user_irq
                0x00000000100001cc                isr_irq13
                0x00000000100001cc                isr_irq27
                0x00000000100001cc                isr_irq31
                0x00000000100001cc                isr_irq5
                0x00000000100001cc                isr_irq11
                0x00000000100001cc                isr_irq23
                0x00000000100001cc                isr_irq18
                0x00000000100001cc                isr_irq28
                0x00000000100001cc                isr_irq19
                0x00000000100001cc                isr_irq0
                0x00000000100001cc                isr_irq6
                0x00000000100001cc                isr_irq22
                0x00000000100001cc                isr_irq17
                0x00000000100001cc                isr_irq14
                0x00000000100001cc                isr_irq2
                0x00000000100001cc                isr_irq10
                0x00000000100001cc                isr_irq8
                0x00000000100001cc                isr_irq24
                0x00000000100001cc                isr_irq1
                0x00000000100001cc                isr_irq7
                0x00000000100001cc                isr_irq21
                0x00000000100001cc                isr_irq20
                0x00000000100001cc                isr_irq15
                0x00000000100001cc                isr_irq25
                0x00000000100001cc                isr_irq4
                0x00000000100001cc                isr_irq16
                0x00000000100001cc                isr_irq29
                0x00000000100001cc                isr_irq26
                0x00000000100001cc                __default_isrs_end
                0x00000000100001cc                isr_irq3
                0x00000000100001cc                isr_irq12
                0x00000000100001cc                isr_irq9
                0x00000000100001d2                unhandled_user_irq_num_in_r0
 *(.binary_info_header)
 .binary_info_header
                0x00000000100001d4       0x14 CMakeFiles/main.dir/mnt/DATA/Projects/pico/pico-sdk/src/rp2_common/pico_standard_link/crt0.S.obj
                0x00000000100001e8                __binary_info_header_end = .
 *(.reset)
 .reset         0x00000000100001e8       0xa0 CMakeFiles/main.dir/mnt/DATA/Projects/pico/pico-sdk/src/rp2_common/pico_standard_link/crt0.S.obj
                0x00000000100001e8                _entry_point
 .reset         0x0000000010000288       0x30 CMakeFiles/main.dir/mnt/DATA/Projects/pico/pico-sdk/src/rp2_common/pico_standard_link/binary_info.c.obj
 *(.init)
 .init          0x00000000100002b8        0x4 /usr/lib/gcc/arm-none-eabi/9.2.1/thumb/v6-m/nofp/crti.o
                0x00000000100002b8                _init
 *(EXCLUDE_FILE(*libm.a: *libc.a:*lib_a-mem*.o *libgcc.a:) .text*)
 .text          0x00000000100002bc       0x98 /usr/lib/gcc/arm-none-eabi/9.2.1/thumb/v6-m/nofp/crtbegin.o
 .text.__tcf_0  0x0000000010000354        0x4 CMakeFiles/main.dir/Src/main.cpp.obj
 .text.startup.main
                0x0000000010000358      0x150 CMakeFiles/main.dir/Src/main.cpp.obj
                0x0000000010000358                main
 .text._ZN6BME28019compensate_pressureEl
                0x00000000100004a8       0xb4 CMakeFiles/main.dir/Drivers/bme280/bme280_spi.cpp.obj
                0x00000000100004a8                BME280::compensate_pressure(long)
 .text._ZN6BME2807measureEv
                0x000000001000055c      0x2ec CMakeFiles/main.dir/Drivers/bme280/bme280_spi.cpp.obj
                0x000000001000055c                BME280::measure()
 .text._ZN6BME28028read_compensation_parametersEv
                0x0000000010000848      0x120 CMakeFiles/main.dir/Drivers/bme280/bme280_spi.cpp.obj
                0x0000000010000848                BME280::read_compensation_parameters()
 .text._ZN6BME280C2EjjjjjjNS_4MODEE
                0x0000000010000968      0x244 CMakeFiles/main.dir/Drivers/bme280/bme280_spi.cpp.obj
                0x0000000010000968                BME280::BME280(unsigned int, unsigned int, unsigned int, unsigned int, unsigned int, unsigned int, BME280::MODE)
                0x0000000010000968                BME280::BME280(unsigned int, unsigned int, unsigned int, unsigned int, unsigned int, unsigned int, BME280::MODE)
 .text._ZN7Display10init_panelEv
                0x0000000010000bac       0x48 CMakeFiles/main.dir/Drivers/Display/display.cpp.obj
                0x0000000010000bac                Display::init_panel()
 .text._ZN7Display10boot_panelEv
                0x0000000010000bf4       0x64 CMakeFiles/main.dir/Drivers/Display/display.cpp.obj
                0x0000000010000bf4                Display::boot_panel()
 .text._ZN7Display13refresh_panelEffff
                0x0000000010000c58      0x114 CMakeFiles/main.dir/Drivers/Display/display.cpp.obj
                0x0000000010000c58                Display::refresh_panel(float, float, float, float)
 .text.DEV_SPI_WriteByte
                0x0000000010000d6c       0x1c CMakeFiles/main.dir/Drivers/Display/Config/DEV_Config.c.obj
                0x0000000010000d6c                DEV_SPI_WriteByte
 .text.DEV_Module_Init
                0x0000000010000d88       0x78 CMakeFiles/main.dir/Drivers/Display/Config/DEV_Config.c.obj
                0x0000000010000d88                DEV_Module_Init
 .text.EPD_1IN54_V2_SetLut
                0x0000000010000e00      0x104 CMakeFiles/main.dir/Drivers/Display/e-Paper/EPD_1in54_V2.c.obj
 .text.EPD_1IN54_V2_Init
                0x0000000010000f04      0x204 CMakeFiles/main.dir/Drivers/Display/e-Paper/EPD_1in54_V2.c.obj
                0x0000000010000f04                EPD_1IN54_V2_Init
 .text.EPD_1IN54_V2_Init_Partial
                0x0000000010001108      0x154 CMakeFiles/main.dir/Drivers/Display/e-Paper/EPD_1in54_V2.c.obj
                0x0000000010001108                EPD_1IN54_V2_Init_Partial
 .text.EPD_1IN54_V2_Clear
                0x000000001000125c       0xec CMakeFiles/main.dir/Drivers/Display/e-Paper/EPD_1in54_V2.c.obj
                0x000000001000125c                EPD_1IN54_V2_Clear
 .text.EPD_1IN54_V2_Display
                0x0000000010001348       0xb8 CMakeFiles/main.dir/Drivers/Display/e-Paper/EPD_1in54_V2.c.obj
                0x0000000010001348                EPD_1IN54_V2_Display
 .text.EPD_1IN54_V2_DisplayPart
                0x0000000010001400       0xb8 CMakeFiles/main.dir/Drivers/Display/e-Paper/EPD_1in54_V2.c.obj
                0x0000000010001400                EPD_1IN54_V2_DisplayPart
 .text.Paint_SetPixel.part.0
                0x00000000100014b8      0x120 CMakeFiles/main.dir/Drivers/Display/GUI/GUI_Paint.c.obj
 .text.Paint_DrawPoint.part.0.constprop.1
                0x00000000100015d8      0x204 CMakeFiles/main.dir/Drivers/Display/GUI/GUI_Paint.c.obj
 .text.Paint_DrawChar.part.0
                0x00000000100017dc      0x12c CMakeFiles/main.dir/Drivers/Display/GUI/GUI_Paint.c.obj
 .text.Paint_DrawLine.constprop.0
                0x0000000010001908      0x124 CMakeFiles/main.dir/Drivers/Display/GUI/GUI_Paint.c.obj
 .text.Paint_NewImage
                0x0000000010001a2c       0x44 CMakeFiles/main.dir/Drivers/Display/GUI/GUI_Paint.c.obj
                0x0000000010001a2c                Paint_NewImage
 .text.Paint_SelectImage
                0x0000000010001a70        0xc CMakeFiles/main.dir/Drivers/Display/GUI/GUI_Paint.c.obj
                0x0000000010001a70                Paint_SelectImage
 .text.Paint_Clear
                0x0000000010001a7c       0xd8 CMakeFiles/main.dir/Drivers/Display/GUI/GUI_Paint.c.obj
                0x0000000010001a7c                Paint_Clear
 .text.Paint_ClearWindows
                0x0000000010001b54      0x194 CMakeFiles/main.dir/Drivers/Display/GUI/GUI_Paint.c.obj
                0x0000000010001b54                Paint_ClearWindows
 .text.Paint_DrawLine
                0x0000000010001ce8      0x188 CMakeFiles/main.dir/Drivers/Display/GUI/GUI_Paint.c.obj
                0x0000000010001ce8                Paint_DrawLine
 .text.Paint_DrawRectangle
                0x0000000010001e70       0xc8 CMakeFiles/main.dir/Drivers/Display/GUI/GUI_Paint.c.obj
                0x0000000010001e70                Paint_DrawRectangle
 .text.Paint_DrawString_EN
                0x0000000010001f38       0xbc CMakeFiles/main.dir/Drivers/Display/GUI/GUI_Paint.c.obj
                0x0000000010001f38                Paint_DrawString_EN
 .text.gpio_set_function
                0x0000000010001ff4       0x30 CMakeFiles/main.dir/mnt/DATA/Projects/pico/pico-sdk/src/rp2_common/hardware_gpio/gpio.c.obj
                0x0000000010001ff4                gpio_set_function
 .text.gpio_set_pulls
                0x0000000010002024       0x30 CMakeFiles/main.dir/mnt/DATA/Projects/pico/pico-sdk/src/rp2_common/hardware_gpio/gpio.c.obj
                0x0000000010002024                gpio_set_pulls
 .text.gpio_init
                0x0000000010002054       0x3c CMakeFiles/main.dir/mnt/DATA/Projects/pico/pico-sdk/src/rp2_common/hardware_gpio/gpio.c.obj
                0x0000000010002054                gpio_init
 .text.running_on_fpga
                0x0000000010002090       0x10 CMakeFiles/main.dir/mnt/DATA/Projects/pico/pico-sdk/src/rp2_common/pico_platform/platform.c.obj
                0x0000000010002090                running_on_fpga
 .text.hw_claim_or_assert
                0x00000000100020a0       0x48 CMakeFiles/main.dir/mnt/DATA/Projects/pico/pico-sdk/src/rp2_common/hardware_claim/claim.c.obj
                0x00000000100020a0                hw_claim_or_assert
 .text.hw_claim_unused_from_range
                0x00000000100020e8       0x9c CMakeFiles/main.dir/mnt/DATA/Projects/pico/pico-sdk/src/rp2_common/hardware_claim/claim.c.obj
                0x00000000100020e8                hw_claim_unused_from_range
 .text.spin_locks_reset
                0x0000000010002184       0x1c CMakeFiles/main.dir/mnt/DATA/Projects/pico/pico-sdk/src/rp2_common/hardware_sync/sync.c.obj
                0x0000000010002184                spin_locks_reset
 .text.next_striped_spin_lock_num
                0x00000000100021a0       0x18 CMakeFiles/main.dir/mnt/DATA/Projects/pico/pico-sdk/src/rp2_common/hardware_sync/sync.c.obj
                0x00000000100021a0                next_striped_spin_lock_num
 .text.spin_lock_claim_unused
                0x00000000100021b8       0x20 CMakeFiles/main.dir/mnt/DATA/Projects/pico/pico-sdk/src/rp2_common/hardware_sync/sync.c.obj
                0x00000000100021b8                spin_lock_claim_unused
 .text.irq_set_enabled
                0x00000000100021d8       0x24 CMakeFiles/main.dir/mnt/DATA/Projects/pico/pico-sdk/src/rp2_common/hardware_irq/irq.c.obj
                0x00000000100021d8                irq_set_enabled
 .text.irq_set_pending
                0x00000000100021fc       0x10 CMakeFiles/main.dir/mnt/DATA/Projects/pico/pico-sdk/src/rp2_common/hardware_irq/irq.c.obj
                0x00000000100021fc                irq_set_pending
 .text.irq_has_shared_handler
                0x000000001000220c       0x2c CMakeFiles/main.dir/mnt/DATA/Projects/pico/pico-sdk/src/rp2_common/hardware_irq/irq.c.obj
                0x000000001000220c                irq_has_shared_handler
 .text.irq_get_vtable_handler
                0x0000000010002238       0x10 CMakeFiles/main.dir/mnt/DATA/Projects/pico/pico-sdk/src/rp2_common/hardware_irq/irq.c.obj
                0x0000000010002238                irq_get_vtable_handler
 .text.irq_set_exclusive_handler
                0x0000000010002248       0x54 CMakeFiles/main.dir/mnt/DATA/Projects/pico/pico-sdk/src/rp2_common/hardware_irq/irq.c.obj
                0x0000000010002248                irq_set_exclusive_handler
 .text.irq_add_shared_handler
                0x000000001000229c      0x1c0 CMakeFiles/main.dir/mnt/DATA/Projects/pico/pico-sdk/src/rp2_common/hardware_irq/irq.c.obj
                0x000000001000229c                irq_add_shared_handler
 .text.irq_remove_handler
                0x000000001000245c      0x1b4 CMakeFiles/main.dir/mnt/DATA/Projects/pico/pico-sdk/src/rp2_common/hardware_irq/irq.c.obj
                0x000000001000245c                irq_remove_handler
 .text.irq_add_tail_to_free_list
                0x0000000010002610       0xb4 CMakeFiles/main.dir/mnt/DATA/Projects/pico/pico-sdk/src/rp2_common/hardware_irq/irq.c.obj
                0x0000000010002610                irq_add_tail_to_free_list
 .text.irq_init_priorities
                0x00000000100026c4       0x24 CMakeFiles/main.dir/mnt/DATA/Projects/pico/pico-sdk/src/rp2_common/hardware_irq/irq.c.obj
                0x00000000100026c4                irq_init_priorities
 .text.user_irq_claim_unused
                0x00000000100026e8       0x28 CMakeFiles/main.dir/mnt/DATA/Projects/pico/pico-sdk/src/rp2_common/hardware_irq/irq.c.obj
                0x00000000100026e8                user_irq_claim_unused
 .text.lock_init
                0x0000000010002710       0x10 CMakeFiles/main.dir/mnt/DATA/Projects/pico/pico-sdk/src/common/pico_sync/lock_core.c.obj
                0x0000000010002710                lock_init
 .text.mutex_init
                0x0000000010002720       0x1c CMakeFiles/main.dir/mnt/DATA/Projects/pico/pico-sdk/src/common/pico_sync/mutex.c.obj
                0x0000000010002720                mutex_init
 .text.recursive_mutex_init
                0x000000001000273c       0x1c CMakeFiles/main.dir/mnt/DATA/Projects/pico/pico-sdk/src/common/pico_sync/mutex.c.obj
                0x000000001000273c                recursive_mutex_init
 .text.critical_section_init
                0x0000000010002758       0x1c CMakeFiles/main.dir/mnt/DATA/Projects/pico/pico-sdk/src/common/pico_sync/critical_section.c.obj
                0x0000000010002758                critical_section_init
 .text.critical_section_init_with_lock_num
                0x0000000010002774       0x14 CMakeFiles/main.dir/mnt/DATA/Projects/pico/pico-sdk/src/common/pico_sync/critical_section.c.obj
                0x0000000010002774                critical_section_init_with_lock_num
 .text.timer_pool_entry_comparator
                0x0000000010002788       0x34 CMakeFiles/main.dir/mnt/DATA/Projects/pico/pico-sdk/src/common/pico_time/time.c.obj
                0x0000000010002788                timer_pool_entry_comparator
 .text.sleep_until_callback
                0x00000000100027bc       0x30 CMakeFiles/main.dir/mnt/DATA/Projects/pico/pico-sdk/src/common/pico_time/time.c.obj
 .text.add_alarm_under_lock
                0x00000000100027ec      0x108 CMakeFiles/main.dir/mnt/DATA/Projects/pico/pico-sdk/src/common/pico_time/time.c.obj
 .text.alarm_pool_alarm_callback
                0x00000000100028f4      0x1b8 CMakeFiles/main.dir/mnt/DATA/Projects/pico/pico-sdk/src/common/pico_time/time.c.obj
 .text.alarm_pool_init_default
                0x0000000010002aac       0x6c CMakeFiles/main.dir/mnt/DATA/Projects/pico/pico-sdk/src/common/pico_time/time.c.obj
                0x0000000010002aac                alarm_pool_init_default
 .text.alarm_pool_get_default
                0x0000000010002b18        0x8 CMakeFiles/main.dir/mnt/DATA/Projects/pico/pico-sdk/src/common/pico_time/time.c.obj
                0x0000000010002b18                alarm_pool_get_default
 .text.alarm_pool_add_alarm_at
                0x0000000010002b20      0x190 CMakeFiles/main.dir/mnt/DATA/Projects/pico/pico-sdk/src/common/pico_time/time.c.obj
                0x0000000010002b20                alarm_pool_add_alarm_at
 .text.alarm_pool_cancel_alarm
                0x0000000010002cb0       0x70 CMakeFiles/main.dir/mnt/DATA/Projects/pico/pico-sdk/src/common/pico_time/time.c.obj
                0x0000000010002cb0                alarm_pool_cancel_alarm
 .text.alarm_pool_core_num
                0x0000000010002d20        0x4 CMakeFiles/main.dir/mnt/DATA/Projects/pico/pico-sdk/src/common/pico_time/time.c.obj
                0x0000000010002d20                alarm_pool_core_num
 .text.sleep_until
                0x0000000010002d24       0xc4 CMakeFiles/main.dir/mnt/DATA/Projects/pico/pico-sdk/src/common/pico_time/time.c.obj
                0x0000000010002d24                sleep_until
 .text.sleep_ms
                0x0000000010002de8       0x34 CMakeFiles/main.dir/mnt/DATA/Projects/pico/pico-sdk/src/common/pico_time/time.c.obj
                0x0000000010002de8                sleep_ms
 .text.best_effort_wfe_or_timeout
                0x0000000010002e1c       0x60 CMakeFiles/main.dir/mnt/DATA/Projects/pico/pico-sdk/src/common/pico_time/time.c.obj
                0x0000000010002e1c                best_effort_wfe_or_timeout
 .text.hardware_alarm_irq_handler
                0x0000000010002e7c       0xbc CMakeFiles/main.dir/mnt/DATA/Projects/pico/pico-sdk/src/rp2_common/hardware_timer/timer.c.obj
 .text.hardware_alarm_claim
                0x0000000010002f38       0x18 CMakeFiles/main.dir/mnt/DATA/Projects/pico/pico-sdk/src/rp2_common/hardware_timer/timer.c.obj
                0x0000000010002f38                hardware_alarm_claim
 .text.time_us_64
                0x0000000010002f50       0x14 CMakeFiles/main.dir/mnt/DATA/Projects/pico/pico-sdk/src/rp2_common/hardware_timer/timer.c.obj
                0x0000000010002f50                time_us_64
 .text.busy_wait_until
                0x0000000010002f64       0x20 CMakeFiles/main.dir/mnt/DATA/Projects/pico/pico-sdk/src/rp2_common/hardware_timer/timer.c.obj
                0x0000000010002f64                busy_wait_until
 .text.hardware_alarm_set_callback
                0x0000000010002f84       0x8c CMakeFiles/main.dir/mnt/DATA/Projects/pico/pico-sdk/src/rp2_common/hardware_timer/timer.c.obj
                0x0000000010002f84                hardware_alarm_set_callback
 .text.hardware_alarm_set_target
                0x0000000010003010       0xe4 CMakeFiles/main.dir/mnt/DATA/Projects/pico/pico-sdk/src/rp2_common/hardware_timer/timer.c.obj
                0x0000000010003010                hardware_alarm_set_target
 .text.hardware_alarm_cancel
                0x00000000100030f4       0x40 CMakeFiles/main.dir/mnt/DATA/Projects/pico/pico-sdk/src/rp2_common/hardware_timer/timer.c.obj
                0x00000000100030f4                hardware_alarm_cancel
 .text.ph_merge_nodes
                0x0000000010003134       0x68 CMakeFiles/main.dir/mnt/DATA/Projects/pico/pico-sdk/src/common/pico_util/pheap.c.obj
 .text.ph_post_alloc_init
                0x000000001000319c       0x3c CMakeFiles/main.dir/mnt/DATA/Projects/pico/pico-sdk/src/common/pico_util/pheap.c.obj
                0x000000001000319c                ph_post_alloc_init
 .text.ph_merge_two_pass
                0x00000000100031d8       0x90 CMakeFiles/main.dir/mnt/DATA/Projects/pico/pico-sdk/src/common/pico_util/pheap.c.obj
                0x00000000100031d8                ph_merge_two_pass
 .text.ph_remove_any_head
                0x0000000010003268      0x100 CMakeFiles/main.dir/mnt/DATA/Projects/pico/pico-sdk/src/common/pico_util/pheap.c.obj
 .text.ph_remove_head
                0x0000000010003368      0x144 CMakeFiles/main.dir/mnt/DATA/Projects/pico/pico-sdk/src/common/pico_util/pheap.c.obj
                0x0000000010003368                ph_remove_head
 .text.ph_remove_and_free_node
                0x00000000100034ac       0x7c CMakeFiles/main.dir/mnt/DATA/Projects/pico/pico-sdk/src/common/pico_util/pheap.c.obj
                0x00000000100034ac                ph_remove_and_free_node
 .text.clocks_init
                0x0000000010003528      0x2bc CMakeFiles/main.dir/mnt/DATA/Projects/pico/pico-sdk/src/rp2_common/hardware_clocks/clocks.c.obj
                0x0000000010003528                clocks_init
 .text.clock_get_hz
                0x00000000100037e4        0xc CMakeFiles/main.dir/mnt/DATA/Projects/pico/pico-sdk/src/rp2_common/hardware_clocks/clocks.c.obj
                0x00000000100037e4                clock_get_hz
 .text.pll_init
                0x00000000100037f0       0xa8 CMakeFiles/main.dir/mnt/DATA/Projects/pico/pico-sdk/src/rp2_common/hardware_pll/pll.c.obj
                0x00000000100037f0                pll_init
 .text.watchdog_start_tick
                0x0000000010003898       0x10 CMakeFiles/main.dir/mnt/DATA/Projects/pico/pico-sdk/src/rp2_common/hardware_watchdog/watchdog.c.obj
                0x0000000010003898                watchdog_start_tick
 .text.watchdog_reboot
                0x00000000100038a8       0x98 CMakeFiles/main.dir/mnt/DATA/Projects/pico/pico-sdk/src/rp2_common/hardware_watchdog/watchdog.c.obj
                0x00000000100038a8                watchdog_reboot
 .text.xosc_init
                0x0000000010003940       0x28 CMakeFiles/main.dir/mnt/DATA/Projects/pico/pico-sdk/src/rp2_common/hardware_xosc/xosc.c.obj
                0x0000000010003940                xosc_init
 .text.runtime_init
                0x0000000010003968       0xf0 CMakeFiles/main.dir/mnt/DATA/Projects/pico/pico-sdk/src/rp2_common/pico_runtime/runtime.c.obj
                0x0000000010003968                runtime_init
 .text._exit    0x0000000010003a58        0x4 CMakeFiles/main.dir/mnt/DATA/Projects/pico/pico-sdk/src/rp2_common/pico_runtime/runtime.c.obj
                0x0000000010003a58                _exit
 .text._sbrk    0x0000000010003a5c       0x34 CMakeFiles/main.dir/mnt/DATA/Projects/pico/pico-sdk/src/rp2_common/pico_runtime/runtime.c.obj
                0x0000000010003a5c                _sbrk
 .text._getpid  0x0000000010003a90        0x4 CMakeFiles/main.dir/mnt/DATA/Projects/pico/pico-sdk/src/rp2_common/pico_runtime/runtime.c.obj
                0x0000000010003a90                _getpid
 .text._kill    0x0000000010003a94        0x8 CMakeFiles/main.dir/mnt/DATA/Projects/pico/pico-sdk/src/rp2_common/pico_runtime/runtime.c.obj
                0x0000000010003a94                _kill
 .text.exit     0x0000000010003a9c        0x8 CMakeFiles/main.dir/mnt/DATA/Projects/pico/pico-sdk/src/rp2_common/pico_runtime/runtime.c.obj
                0x0000000010003a9c                exit
 .text.panic    0x0000000010003aa4       0x30 CMakeFiles/main.dir/mnt/DATA/Projects/pico/pico-sdk/src/rp2_common/pico_runtime/runtime.c.obj
                0x0000000010003aa4                panic
 .text.hard_assertion_failure
                0x0000000010003ad4        0xc CMakeFiles/main.dir/mnt/DATA/Projects/pico/pico-sdk/src/rp2_common/pico_runtime/runtime.c.obj
                0x0000000010003ad4                hard_assertion_failure
 .text._out_buffer
                0x0000000010003ae0        0x8 CMakeFiles/main.dir/mnt/DATA/Projects/pico/pico-sdk/src/rp2_common/pico_printf/printf.c.obj
 .text._out_null
                0x0000000010003ae8        0x4 CMakeFiles/main.dir/mnt/DATA/Projects/pico/pico-sdk/src/rp2_common/pico_printf/printf.c.obj
 .text._out_rev
                0x0000000010003aec       0xd0 CMakeFiles/main.dir/mnt/DATA/Projects/pico/pico-sdk/src/rp2_common/pico_printf/printf.c.obj
 .text._ntoa_format
                0x0000000010003bbc      0x1d0 CMakeFiles/main.dir/mnt/DATA/Projects/pico/pico-sdk/src/rp2_common/pico_printf/printf.c.obj
 .text._out_char
                0x0000000010003d8c       0x10 CMakeFiles/main.dir/mnt/DATA/Projects/pico/pico-sdk/src/rp2_common/pico_printf/printf.c.obj
 .text._out_fct
                0x0000000010003d9c       0x10 CMakeFiles/main.dir/mnt/DATA/Projects/pico/pico-sdk/src/rp2_common/pico_printf/printf.c.obj
 .text._etoa    0x0000000010003dac      0x478 CMakeFiles/main.dir/mnt/DATA/Projects/pico/pico-sdk/src/rp2_common/pico_printf/printf.c.obj
 .text._ftoa    0x0000000010004224      0x3e0 CMakeFiles/main.dir/mnt/DATA/Projects/pico/pico-sdk/src/rp2_common/pico_printf/printf.c.obj
 .text._vsnprintf
                0x0000000010004604      0xb08 CMakeFiles/main.dir/mnt/DATA/Projects/pico/pico-sdk/src/rp2_common/pico_printf/printf.c.obj
 .text.__wrap_sprintf
                0x000000001000510c       0x28 CMakeFiles/main.dir/mnt/DATA/Projects/pico/pico-sdk/src/rp2_common/pico_printf/printf.c.obj
                0x000000001000510c                __wrap_sprintf
 .text.vfctprintf
                0x0000000010005134       0x20 CMakeFiles/main.dir/mnt/DATA/Projects/pico/pico-sdk/src/rp2_common/pico_printf/printf.c.obj
                0x0000000010005134                vfctprintf
 .text.weak_raw_vprintf
                0x0000000010005154       0x30 CMakeFiles/main.dir/mnt/DATA/Projects/pico/pico-sdk/src/rp2_common/pico_printf/printf.c.obj
                0x0000000010005154                weak_raw_vprintf
 .text          0x0000000010005184       0x10 CMakeFiles/main.dir/mnt/DATA/Projects/pico/pico-sdk/src/rp2_common/pico_bit_ops/bit_ops_aeabi.S.obj
 .text.rom_func_lookup
                0x0000000010005194       0x10 CMakeFiles/main.dir/mnt/DATA/Projects/pico/pico-sdk/src/rp2_common/pico_bootrom/bootrom.c.obj
                0x0000000010005194                rom_func_lookup
 .text.rom_data_lookup
                0x00000000100051a4       0x10 CMakeFiles/main.dir/mnt/DATA/Projects/pico/pico-sdk/src/rp2_common/pico_bootrom/bootrom.c.obj
                0x00000000100051a4                rom_data_lookup
 .text.rom_funcs_lookup
                0x00000000100051b4       0x3c CMakeFiles/main.dir/mnt/DATA/Projects/pico/pico-sdk/src/rp2_common/pico_bootrom/bootrom.c.obj
                0x00000000100051b4                rom_funcs_lookup
 .text.__wrap___aeabi_idiv
                0x00000000100051f0       0x50 CMakeFiles/main.dir/mnt/DATA/Projects/pico/pico-sdk/src/rp2_common/pico_divider/divider.S.obj
                0x00000000100051f0                __wrap___aeabi_idivmod
                0x00000000100051f0                divmod_s32s32
                0x00000000100051f0                div_s32s32
                0x00000000100051f0                __wrap___aeabi_idiv
                0x00000000100051f8                divmod_s32s32_unsafe
                0x0000000010005224                divmod_s32s32_savestate
 .text.__wrap___aeabi_uidiv
                0x0000000010005240       0x4c CMakeFiles/main.dir/mnt/DATA/Projects/pico/pico-sdk/src/rp2_common/pico_divider/divider.S.obj
                0x0000000010005240                __wrap___aeabi_uidiv
                0x0000000010005240                __wrap___aeabi_uidivmod
                0x0000000010005240                div_u32u32
                0x0000000010005240                divmod_u32u32
                0x0000000010005248                divmod_u32u32_unsafe
                0x0000000010005270                divmod_u32u32_savestate
 .text.__wrap___aeabi_ldiv
                0x000000001000528c      0x424 CMakeFiles/main.dir/mnt/DATA/Projects/pico/pico-sdk/src/rp2_common/pico_divider/divider.S.obj
                0x000000001000528c                div_s64s64
                0x000000001000528c                divmod_s64s64
                0x000000001000528c                __wrap___aeabi_ldivmod
                0x00000000100052bc                div_u64u64
                0x00000000100052bc                divmod_u64u64
                0x00000000100052bc                __wrap___aeabi_uldivmod
                0x00000000100052cc                divmod_u64u64_savestate
                0x00000000100052ec                divmod_s64s64_unsafe
                0x0000000010005374                divmod_u64u64_unsafe
 .text.__wrap___aeabi_darithmetic
                0x00000000100056b0       0x80 CMakeFiles/main.dir/mnt/DATA/Projects/pico/pico-sdk/src/rp2_common/pico_double/double_aeabi.S.obj
                0x00000000100056b0                __wrap___aeabi_drsub
                0x00000000100056b6                __wrap___aeabi_dsub
                0x00000000100056c8                __wrap___aeabi_dadd
                0x00000000100056da                __wrap___aeabi_ddiv
                0x0000000010005716                __wrap___aeabi_dmul
 .text.__wrap___aeabi_cdcmple
                0x0000000010005730       0x6c CMakeFiles/main.dir/mnt/DATA/Projects/pico/pico-sdk/src/rp2_common/pico_double/double_aeabi.S.obj
                0x0000000010005730                __wrap___aeabi_cdrcmple
                0x0000000010005740                __wrap___aeabi_cdcmple
                0x0000000010005740                __wrap___aeabi_cdcmpeq
 .text.__wrap___aeabi_dcmpeq
                0x000000001000579c       0x10 CMakeFiles/main.dir/mnt/DATA/Projects/pico/pico-sdk/src/rp2_common/pico_double/double_aeabi.S.obj
                0x000000001000579c                __wrap___aeabi_dcmpeq
 .text.__wrap___aeabi_dcmplt
                0x00000000100057ac        0xc CMakeFiles/main.dir/mnt/DATA/Projects/pico/pico-sdk/src/rp2_common/pico_double/double_aeabi.S.obj
                0x00000000100057ac                __wrap___aeabi_dcmplt
 .text.__wrap___aeabi_dcmple
                0x00000000100057b8       0x10 CMakeFiles/main.dir/mnt/DATA/Projects/pico/pico-sdk/src/rp2_common/pico_double/double_aeabi.S.obj
                0x00000000100057b8                __wrap___aeabi_dcmple
 .text.__wrap___aeabi_dcmpge
                0x00000000100057c8       0x10 CMakeFiles/main.dir/mnt/DATA/Projects/pico/pico-sdk/src/rp2_common/pico_double/double_aeabi.S.obj
                0x00000000100057c8                __wrap___aeabi_dcmpge
 .text.__wrap___aeabi_dcmpgt
                0x00000000100057d8        0xa CMakeFiles/main.dir/mnt/DATA/Projects/pico/pico-sdk/src/rp2_common/pico_double/double_aeabi.S.obj
                0x00000000100057d8                __wrap___aeabi_dcmpgt
 .text.__wrap___aeabi_dcmpun
                0x00000000100057e2       0x1c CMakeFiles/main.dir/mnt/DATA/Projects/pico/pico-sdk/src/rp2_common/pico_double/double_aeabi.S.obj
                0x00000000100057e2                __wrap___aeabi_dcmpun
 *fill*         0x00000000100057fe        0x2 
 .text.__wrap___aeabi_i2d
                0x0000000010005800       0x38 CMakeFiles/main.dir/mnt/DATA/Projects/pico/pico-sdk/src/rp2_common/pico_double/double_aeabi.S.obj
                0x0000000010005800                __wrap___aeabi_ui2d
                0x0000000010005808                __wrap___aeabi_i2d
 .text.__wrap___aeabi_d2iz
                0x0000000010005838       0x48 CMakeFiles/main.dir/mnt/DATA/Projects/pico/pico-sdk/src/rp2_common/pico_double/double_aeabi.S.obj
                0x0000000010005838                __wrap___aeabi_d2iz
                0x0000000010005838                double2int_z
 .text.__wrap___aeabi_d2uiz
                0x0000000010005880       0x18 CMakeFiles/main.dir/mnt/DATA/Projects/pico/pico-sdk/src/rp2_common/pico_double/double_aeabi.S.obj
                0x0000000010005880                double2uint
                0x0000000010005880                __wrap___aeabi_d2uiz
 .text.__wrap___aeabi_d2f
                0x0000000010005898       0x18 CMakeFiles/main.dir/mnt/DATA/Projects/pico/pico-sdk/src/rp2_common/pico_double/double_aeabi.S.obj
                0x0000000010005898                __wrap___aeabi_d2f
 .text.__wrap_exp
                0x00000000100058b0       0x18 CMakeFiles/main.dir/mnt/DATA/Projects/pico/pico-sdk/src/rp2_common/pico_double/double_aeabi.S.obj
                0x00000000100058b0                __wrap_exp
 .text.__wrap_log
                0x00000000100058c8       0x18 CMakeFiles/main.dir/mnt/DATA/Projects/pico/pico-sdk/src/rp2_common/pico_double/double_aeabi.S.obj
                0x00000000100058c8                __wrap_log
 .text.__aeabi_double_init
                0x00000000100058e0       0xc0 CMakeFiles/main.dir/mnt/DATA/Projects/pico/pico-sdk/src/rp2_common/pico_double/double_init_rom.c.obj
                0x00000000100058e0                __aeabi_double_init
 .text.dpow_int2
                0x00000000100059a0       0x2c CMakeFiles/main.dir/mnt/DATA/Projects/pico/pico-sdk/src/rp2_common/pico_double/double_math.c.obj
 .text.dpow_1   0x00000000100059cc      0x278 CMakeFiles/main.dir/mnt/DATA/Projects/pico/pico-sdk/src/rp2_common/pico_double/double_math.c.obj
 .text.dpow_0   0x0000000010005c44      0x284 CMakeFiles/main.dir/mnt/DATA/Projects/pico/pico-sdk/src/rp2_common/pico_double/double_math.c.obj
 .text.__wrap_ldexp
                0x0000000010005ec8       0x50 CMakeFiles/main.dir/mnt/DATA/Projects/pico/pico-sdk/src/rp2_common/pico_double/double_math.c.obj
                0x0000000010005ec8                __wrap_ldexp
 .text.__wrap_round
                0x0000000010005f18       0xa0 CMakeFiles/main.dir/mnt/DATA/Projects/pico/pico-sdk/src/rp2_common/pico_double/double_math.c.obj
                0x0000000010005f18                __wrap_round
 .text.__wrap_exp2
                0x0000000010005fb8       0xbc CMakeFiles/main.dir/mnt/DATA/Projects/pico/pico-sdk/src/rp2_common/pico_double/double_math.c.obj
                0x0000000010005fb8                __wrap_exp2
 .text.__wrap_pow
                0x0000000010006074      0x304 CMakeFiles/main.dir/mnt/DATA/Projects/pico/pico-sdk/src/rp2_common/pico_double/double_math.c.obj
                0x0000000010006074                __wrap_pow
 .text.double_table_shim_on_use_helper
                0x0000000010006378       0x2c CMakeFiles/main.dir/mnt/DATA/Projects/pico/pico-sdk/src/rp2_common/pico_double/double_v1_rom_shim.S.obj
                0x0000000010006378                double_table_shim_on_use_helper
 .text.__wrap___aeabi_dsub
                0x00000000100063a4       0x10 CMakeFiles/main.dir/mnt/DATA/Projects/pico/pico-sdk/src/rp2_common/pico_double/double_v1_rom_shim.S.obj
                0x00000000100063a4                drsub_shim
                0x00000000100063aa                dsub_shim
 .text.dadd_shim
                0x00000000100063b4      0x15c CMakeFiles/main.dir/mnt/DATA/Projects/pico/pico-sdk/src/rp2_common/pico_double/double_v1_rom_shim.S.obj
                0x00000000100063b4                dadd_shim
 .text.dmul_shim
                0x0000000010006510      0x15c CMakeFiles/main.dir/mnt/DATA/Projects/pico/pico-sdk/src/rp2_common/pico_double/double_v1_rom_shim.S.obj
                0x0000000010006510                dmul_shim
 .text.ddiv_shim
                0x000000001000666c      0x1b0 CMakeFiles/main.dir/mnt/DATA/Projects/pico/pico-sdk/src/rp2_common/pico_double/double_v1_rom_shim.S.obj
                0x000000001000666c                ddiv_shim
 .text.double2uint_shim
                0x000000001000681c        0xe CMakeFiles/main.dir/mnt/DATA/Projects/pico/pico-sdk/src/rp2_common/pico_double/double_v1_rom_shim.S.obj
                0x000000001000681c                double2uint_shim
                0x000000001000681e                double2ufix_shim
 *fill*         0x000000001000682a        0x2 
 .text.double2uint64_shim
                0x000000001000682c       0x70 CMakeFiles/main.dir/mnt/DATA/Projects/pico/pico-sdk/src/rp2_common/pico_double/double_v1_rom_shim.S.obj
                0x000000001000682c                double2uint64_shim
                0x000000001000682e                double2ufix64_shim
                0x000000001000684e                d2fix_a
 .text.double2float_shim
                0x000000001000689c       0x5c CMakeFiles/main.dir/mnt/DATA/Projects/pico/pico-sdk/src/rp2_common/pico_double/double_v1_rom_shim.S.obj
                0x000000001000689c                double2float_shim
 .text.x2double_shims
                0x00000000100068f8       0x90 CMakeFiles/main.dir/mnt/DATA/Projects/pico/pico-sdk/src/rp2_common/pico_double/double_v1_rom_shim.S.obj
                0x00000000100068f8                uint2double_shim
                0x00000000100068fa                ufix2double_shim
                0x0000000010006900                int2double_shim
                0x0000000010006902                fix2double_shim
                0x0000000010006908                uint642double_shim
                0x000000001000690a                ufix642double_shim
                0x0000000010006910                int642double_shim
                0x0000000010006912                fix642double_shim
 .text.dunpacks
                0x0000000010006988       0x3c CMakeFiles/main.dir/mnt/DATA/Projects/pico/pico-sdk/src/rp2_common/pico_double/double_v1_rom_shim.S.obj
                0x0000000010006988                dunpacks
 .text.dreduce  0x00000000100069c4       0x82 CMakeFiles/main.dir/mnt/DATA/Projects/pico/pico-sdk/src/rp2_common/pico_double/double_v1_rom_shim.S.obj
                0x00000000100069c4                dreduce
 *fill*         0x0000000010006a46        0x2 
 .text.dexp_guts
                0x0000000010006a48      0x268 CMakeFiles/main.dir/mnt/DATA/Projects/pico/pico-sdk/src/rp2_common/pico_double/double_v1_rom_shim.S.obj
                0x0000000010006a48                dexp_shim
                0x0000000010006ae4                dln_shim
 .text.__aeabi_lmul
                0x0000000010006cb0       0x32 CMakeFiles/main.dir/mnt/DATA/Projects/pico/pico-sdk/src/rp2_common/pico_int64_ops/pico_int64_ops_aeabi.S.obj
                0x0000000010006cb0                __wrap___aeabi_lmul
 *fill*         0x0000000010006ce2        0x2 
 .text.__wrap___aeabi_farithmetic
                0x0000000010006ce4       0x48 CMakeFiles/main.dir/mnt/DATA/Projects/pico/pico-sdk/src/rp2_common/pico_float/float_aeabi.S.obj
                0x0000000010006ce4                __wrap___aeabi_frsub
                0x0000000010006cea                __wrap___aeabi_fsub
                0x0000000010006cf0                __wrap___aeabi_fadd
                0x0000000010006cf6                __wrap___aeabi_fdiv
                0x0000000010006d1e                __wrap___aeabi_fmul
 .text.__wrap___aeabi_f2d
                0x0000000010006d2c       0x14 CMakeFiles/main.dir/mnt/DATA/Projects/pico/pico-sdk/src/rp2_common/pico_float/float_aeabi.S.obj
                0x0000000010006d2c                __wrap___aeabi_f2d
 .text.__aeabi_float_init
                0x0000000010006d40       0x64 CMakeFiles/main.dir/mnt/DATA/Projects/pico/pico-sdk/src/rp2_common/pico_float/float_init_rom.c.obj
                0x0000000010006d40                __aeabi_float_init
 .text.float_table_shim_on_use_helper
                0x0000000010006da4       0x2c CMakeFiles/main.dir/mnt/DATA/Projects/pico/pico-sdk/src/rp2_common/pico_float/float_v1_rom_shim.S.obj
                0x0000000010006da4                float_table_shim_on_use_helper
 .text.float2double_shim
                0x0000000010006dd0       0x30 CMakeFiles/main.dir/mnt/DATA/Projects/pico/pico-sdk/src/rp2_common/pico_float/float_v1_rom_shim.S.obj
                0x0000000010006dd0                float2double_shim
 .text.__wrap_malloc
                0x0000000010006e00       0x24 CMakeFiles/main.dir/mnt/DATA/Projects/pico/pico-sdk/src/rp2_common/pico_malloc/pico_malloc.c.obj
                0x0000000010006e00                __wrap_malloc
 .text.__wrap_free
                0x0000000010006e24        0x8 CMakeFiles/main.dir/mnt/DATA/Projects/pico/pico-sdk/src/rp2_common/pico_malloc/pico_malloc.c.obj
                0x0000000010006e24                __wrap_free
 .text          0x0000000010006e2c       0x10 CMakeFiles/main.dir/mnt/DATA/Projects/pico/pico-sdk/src/rp2_common/pico_mem_ops/mem_ops_aeabi.S.obj
                0x0000000010006e2c                __aeabi_mem_init
 .text.memset   0x0000000010006e3c        0xc CMakeFiles/main.dir/mnt/DATA/Projects/pico/pico-sdk/src/rp2_common/pico_mem_ops/mem_ops_aeabi.S.obj
                0x0000000010006e3c                __wrap_memset
 .text.memcpy   0x0000000010006e48        0xc CMakeFiles/main.dir/mnt/DATA/Projects/pico/pico-sdk/src/rp2_common/pico_mem_ops/mem_ops_aeabi.S.obj
                0x0000000010006e48                __wrap___aeabi_memcpy
                0x0000000010006e48                __wrap_memcpy
 .text._ZdlPvj  0x0000000010006e54        0x8 CMakeFiles/main.dir/mnt/DATA/Projects/pico/pico-sdk/src/rp2_common/pico_standard_link/new_delete.cpp.obj
                0x0000000010006e54                operator delete(void*, unsigned int)
 .text.stdio_out_chars_no_crlf
                0x0000000010006e5c       0x10 CMakeFiles/main.dir/mnt/DATA/Projects/pico/pico-sdk/src/rp2_common/pico_stdio/stdio.c.obj
 .text.stdio_out_chars_crlf
                0x0000000010006e6c       0x94 CMakeFiles/main.dir/mnt/DATA/Projects/pico/pico-sdk/src/rp2_common/pico_stdio/stdio.c.obj
 .text.stdio_buffered_printer
                0x0000000010006f00       0x64 CMakeFiles/main.dir/mnt/DATA/Projects/pico/pico-sdk/src/rp2_common/pico_stdio/stdio.c.obj
 .text.stdio_put_string
                0x0000000010006f64      0x104 CMakeFiles/main.dir/mnt/DATA/Projects/pico/pico-sdk/src/rp2_common/pico_stdio/stdio.c.obj
 .text.__wrap_putchar
                0x0000000010007068       0x98 CMakeFiles/main.dir/mnt/DATA/Projects/pico/pico-sdk/src/rp2_common/pico_stdio/stdio.c.obj
                0x0000000010007068                __wrap_putchar
 .text.__wrap_puts
                0x0000000010007100       0x3c CMakeFiles/main.dir/mnt/DATA/Projects/pico/pico-sdk/src/rp2_common/pico_stdio/stdio.c.obj
                0x0000000010007100                __wrap_puts
 .text.stdio_set_driver_enabled
                0x000000001000713c       0x30 CMakeFiles/main.dir/mnt/DATA/Projects/pico/pico-sdk/src/rp2_common/pico_stdio/stdio.c.obj
                0x000000001000713c                stdio_set_driver_enabled
 .text.__wrap_vprintf
                0x000000001000716c       0xd8 CMakeFiles/main.dir/mnt/DATA/Projects/pico/pico-sdk/src/rp2_common/pico_stdio/stdio.c.obj
                0x000000001000716c                __wrap_vprintf
 .text.__wrap_printf
                0x0000000010007244       0x18 CMakeFiles/main.dir/mnt/DATA/Projects/pico/pico-sdk/src/rp2_common/pico_stdio/stdio.c.obj
                0x0000000010007244                __wrap_printf
 .text.stdio_init_all
                0x000000001000725c        0x8 CMakeFiles/main.dir/mnt/DATA/Projects/pico/pico-sdk/src/rp2_common/pico_stdio/stdio.c.obj
                0x000000001000725c                stdio_init_all
 .text.resetd_init
                0x0000000010007264        0x4 CMakeFiles/main.dir/mnt/DATA/Projects/pico/pico-sdk/src/rp2_common/pico_stdio_usb/reset_interface.c.obj
 .text.resetd_reset
                0x0000000010007268        0xc CMakeFiles/main.dir/mnt/DATA/Projects/pico/pico-sdk/src/rp2_common/pico_stdio_usb/reset_interface.c.obj
 .text.resetd_open
                0x0000000010007274       0x28 CMakeFiles/main.dir/mnt/DATA/Projects/pico/pico-sdk/src/rp2_common/pico_stdio_usb/reset_interface.c.obj
 .text.resetd_xfer_cb
                0x000000001000729c        0x4 CMakeFiles/main.dir/mnt/DATA/Projects/pico/pico-sdk/src/rp2_common/pico_stdio_usb/reset_interface.c.obj
 .text.resetd_control_xfer_cb
                0x00000000100072a0       0x64 CMakeFiles/main.dir/mnt/DATA/Projects/pico/pico-sdk/src/rp2_common/pico_stdio_usb/reset_interface.c.obj
 .text.usbd_app_driver_get_cb
                0x0000000010007304        0xc CMakeFiles/main.dir/mnt/DATA/Projects/pico/pico-sdk/src/rp2_common/pico_stdio_usb/reset_interface.c.obj
                0x0000000010007304                usbd_app_driver_get_cb
 .text.tud_cdc_line_coding_cb
                0x0000000010007310       0x34 CMakeFiles/main.dir/mnt/DATA/Projects/pico/pico-sdk/src/rp2_common/pico_stdio_usb/reset_interface.c.obj
                0x0000000010007310                tud_cdc_line_coding_cb
 .text.stdio_usb_set_chars_available_callback
                0x0000000010007344       0x14 CMakeFiles/main.dir/mnt/DATA/Projects/pico/pico-sdk/src/rp2_common/pico_stdio_usb/stdio_usb.c.obj
                0x0000000010007344                stdio_usb_set_chars_available_callback
 .text.usb_irq  0x0000000010007358       0x10 CMakeFiles/main.dir/mnt/DATA/Projects/pico/pico-sdk/src/rp2_common/pico_stdio_usb/stdio_usb.c.obj
 .text.timer_task
                0x0000000010007368       0x54 CMakeFiles/main.dir/mnt/DATA/Projects/pico/pico-sdk/src/rp2_common/pico_stdio_usb/stdio_usb.c.obj
 .text.stdio_usb_in_chars
                0x00000000100073bc       0x90 CMakeFiles/main.dir/mnt/DATA/Projects/pico/pico-sdk/src/rp2_common/pico_stdio_usb/stdio_usb.c.obj
                0x00000000100073bc                stdio_usb_in_chars
 .text.stdio_usb_out_chars
                0x000000001000744c      0x100 CMakeFiles/main.dir/mnt/DATA/Projects/pico/pico-sdk/src/rp2_common/pico_stdio_usb/stdio_usb.c.obj
 .text.low_priority_worker_irq
                0x000000001000754c       0xa8 CMakeFiles/main.dir/mnt/DATA/Projects/pico/pico-sdk/src/rp2_common/pico_stdio_usb/stdio_usb.c.obj
 .text.tud_cdc_rx_cb
                0x00000000100075f4       0x20 CMakeFiles/main.dir/mnt/DATA/Projects/pico/pico-sdk/src/rp2_common/pico_stdio_usb/stdio_usb.c.obj
                0x00000000100075f4                tud_cdc_rx_cb
 .text.stdio_usb_init
                0x0000000010007614       0xdc CMakeFiles/main.dir/mnt/DATA/Projects/pico/pico-sdk/src/rp2_common/pico_stdio_usb/stdio_usb.c.obj
                0x0000000010007614                stdio_usb_init
 .text.tud_descriptor_device_cb
                0x00000000100076f0        0x8 CMakeFiles/main.dir/mnt/DATA/Projects/pico/pico-sdk/src/rp2_common/pico_stdio_usb/stdio_usb_descriptors.c.obj
                0x00000000100076f0                tud_descriptor_device_cb
 .text.tud_descriptor_configuration_cb
                0x00000000100076f8        0x8 CMakeFiles/main.dir/mnt/DATA/Projects/pico/pico-sdk/src/rp2_common/pico_stdio_usb/stdio_usb_descriptors.c.obj
                0x00000000100076f8                tud_descriptor_configuration_cb
 .text.tud_descriptor_string_cb
                0x0000000010007700       0x70 CMakeFiles/main.dir/mnt/DATA/Projects/pico/pico-sdk/src/rp2_common/pico_stdio_usb/stdio_usb_descriptors.c.obj
                0x0000000010007700                tud_descriptor_string_cb
 .text.startup._retrieve_unique_id_on_boot
                0x0000000010007770       0x10 CMakeFiles/main.dir/mnt/DATA/Projects/pico/pico-sdk/src/rp2_common/pico_unique_id/unique_id.c.obj
 .text.pico_get_unique_board_id_string
                0x0000000010007780      0x1bc CMakeFiles/main.dir/mnt/DATA/Projects/pico/pico-sdk/src/rp2_common/pico_unique_id/unique_id.c.obj
                0x0000000010007780                pico_get_unique_board_id_string
 .text.flash_get_unique_id
                0x000000001000793c       0x40 CMakeFiles/main.dir/mnt/DATA/Projects/pico/pico-sdk/src/rp2_common/hardware_flash/flash.c.obj
                0x000000001000793c                flash_get_unique_id
 .text.dcd_int_enable
                0x000000001000797c        0xc CMakeFiles/main.dir/mnt/DATA/Projects/pico/pico-sdk/lib/tinyusb/src/portable/raspberrypi/rp2040/dcd_rp2040.c.obj
                0x000000001000797c                dcd_int_enable
 .text.dcd_set_address
                0x0000000010007988       0x14 CMakeFiles/main.dir/mnt/DATA/Projects/pico/pico-sdk/lib/tinyusb/src/portable/raspberrypi/rp2040/dcd_rp2040.c.obj
                0x0000000010007988                dcd_set_address
 .text.dcd_connect
                0x000000001000799c       0x10 CMakeFiles/main.dir/mnt/DATA/Projects/pico/pico-sdk/lib/tinyusb/src/portable/raspberrypi/rp2040/dcd_rp2040.c.obj
                0x000000001000799c                dcd_connect
 .text.dcd_init
                0x00000000100079ac       0x9c CMakeFiles/main.dir/mnt/DATA/Projects/pico/pico-sdk/lib/tinyusb/src/portable/raspberrypi/rp2040/dcd_rp2040.c.obj
                0x00000000100079ac                dcd_init
 .text.dcd_edpt0_status_complete
                0x0000000010007a48       0x1c CMakeFiles/main.dir/mnt/DATA/Projects/pico/pico-sdk/lib/tinyusb/src/portable/raspberrypi/rp2040/dcd_rp2040.c.obj
                0x0000000010007a48                dcd_edpt0_status_complete
 .text.dcd_edpt_open
                0x0000000010007a64      0x108 CMakeFiles/main.dir/mnt/DATA/Projects/pico/pico-sdk/lib/tinyusb/src/portable/raspberrypi/rp2040/dcd_rp2040.c.obj
                0x0000000010007a64                dcd_edpt_open
 .text.dcd_edpt_close_all
                0x0000000010007b6c        0x8 CMakeFiles/main.dir/mnt/DATA/Projects/pico/pico-sdk/lib/tinyusb/src/portable/raspberrypi/rp2040/dcd_rp2040.c.obj
                0x0000000010007b6c                dcd_edpt_close_all
 .text.dcd_edpt_xfer
                0x0000000010007b74       0x24 CMakeFiles/main.dir/mnt/DATA/Projects/pico/pico-sdk/lib/tinyusb/src/portable/raspberrypi/rp2040/dcd_rp2040.c.obj
                0x0000000010007b74                dcd_edpt_xfer
 .text.dcd_edpt_stall
                0x0000000010007b98       0x38 CMakeFiles/main.dir/mnt/DATA/Projects/pico/pico-sdk/lib/tinyusb/src/portable/raspberrypi/rp2040/dcd_rp2040.c.obj
                0x0000000010007b98                dcd_edpt_stall
 .text.dcd_edpt_clear_stall
                0x0000000010007bd0       0x30 CMakeFiles/main.dir/mnt/DATA/Projects/pico/pico-sdk/lib/tinyusb/src/portable/raspberrypi/rp2040/dcd_rp2040.c.obj
                0x0000000010007bd0                dcd_edpt_clear_stall
 .text.rp2040_usb_init
                0x0000000010007c00       0x4c CMakeFiles/main.dir/mnt/DATA/Projects/pico/pico-sdk/lib/tinyusb/src/portable/raspberrypi/rp2040/rp2040_usb.c.obj
                0x0000000010007c00                rp2040_usb_init
 .text.hw_endpoint_xfer_start
                0x0000000010007c4c       0x54 CMakeFiles/main.dir/mnt/DATA/Projects/pico/pico-sdk/lib/tinyusb/src/portable/raspberrypi/rp2040/rp2040_usb.c.obj
                0x0000000010007c4c                hw_endpoint_xfer_start
 .text.tud_mounted
                0x0000000010007ca0       0x10 CMakeFiles/main.dir/mnt/DATA/Projects/pico/pico-sdk/lib/tinyusb/src/device/usbd.c.obj
                0x0000000010007ca0                tud_mounted
 .text.tud_suspended
                0x0000000010007cb0       0x10 CMakeFiles/main.dir/mnt/DATA/Projects/pico/pico-sdk/lib/tinyusb/src/device/usbd.c.obj
                0x0000000010007cb0                tud_suspended
 .text.tud_inited
                0x0000000010007cc0       0x14 CMakeFiles/main.dir/mnt/DATA/Projects/pico/pico-sdk/lib/tinyusb/src/device/usbd.c.obj
                0x0000000010007cc0                tud_inited
 .text.tud_init
                0x0000000010007cd4       0xe4 CMakeFiles/main.dir/mnt/DATA/Projects/pico/pico-sdk/lib/tinyusb/src/device/usbd.c.obj
                0x0000000010007cd4                tud_init
 .text.tud_task_ext
                0x0000000010007db8      0x858 CMakeFiles/main.dir/mnt/DATA/Projects/pico/pico-sdk/lib/tinyusb/src/device/usbd.c.obj
                0x0000000010007db8                tud_task_ext
 .text.usbd_open_edpt_pair
                0x0000000010008610       0x9c CMakeFiles/main.dir/mnt/DATA/Projects/pico/pico-sdk/lib/tinyusb/src/device/usbd.c.obj
                0x0000000010008610                usbd_open_edpt_pair
 .text.usbd_defer_func
                0x00000000100086ac       0x4c CMakeFiles/main.dir/mnt/DATA/Projects/pico/pico-sdk/lib/tinyusb/src/device/usbd.c.obj
                0x00000000100086ac                usbd_defer_func
 .text.usbd_edpt_open
                0x00000000100086f8       0x34 CMakeFiles/main.dir/mnt/DATA/Projects/pico/pico-sdk/lib/tinyusb/src/device/usbd.c.obj
                0x00000000100086f8                usbd_edpt_open
 .text.usbd_edpt_claim
                0x000000001000872c       0x28 CMakeFiles/main.dir/mnt/DATA/Projects/pico/pico-sdk/lib/tinyusb/src/device/usbd.c.obj
                0x000000001000872c                usbd_edpt_claim
 .text.usbd_edpt_release
                0x0000000010008754       0x28 CMakeFiles/main.dir/mnt/DATA/Projects/pico/pico-sdk/lib/tinyusb/src/device/usbd.c.obj
                0x0000000010008754                usbd_edpt_release
 .text.usbd_edpt_xfer
                0x000000001000877c       0x4c CMakeFiles/main.dir/mnt/DATA/Projects/pico/pico-sdk/lib/tinyusb/src/device/usbd.c.obj
                0x000000001000877c                usbd_edpt_xfer
 .text.tud_control_status
                0x00000000100087c8       0x30 CMakeFiles/main.dir/mnt/DATA/Projects/pico/pico-sdk/lib/tinyusb/src/device/usbd_control.c.obj
                0x00000000100087c8                tud_control_status
 .text.tud_control_xfer
                0x00000000100087f8       0xb8 CMakeFiles/main.dir/mnt/DATA/Projects/pico/pico-sdk/lib/tinyusb/src/device/usbd_control.c.obj
                0x00000000100087f8                tud_control_xfer
 .text.usbd_control_reset
                0x00000000100088b0       0x14 CMakeFiles/main.dir/mnt/DATA/Projects/pico/pico-sdk/lib/tinyusb/src/device/usbd_control.c.obj
                0x00000000100088b0                usbd_control_reset
 .text.usbd_control_set_complete_callback
                0x00000000100088c4        0xc CMakeFiles/main.dir/mnt/DATA/Projects/pico/pico-sdk/lib/tinyusb/src/device/usbd_control.c.obj
                0x00000000100088c4                usbd_control_set_complete_callback
 .text.usbd_control_set_request
                0x00000000100088d0       0x1c CMakeFiles/main.dir/mnt/DATA/Projects/pico/pico-sdk/lib/tinyusb/src/device/usbd_control.c.obj
                0x00000000100088d0                usbd_control_set_request
 .text.usbd_control_xfer_cb
                0x00000000100088ec       0xf8 CMakeFiles/main.dir/mnt/DATA/Projects/pico/pico-sdk/lib/tinyusb/src/device/usbd_control.c.obj
                0x00000000100088ec                usbd_control_xfer_cb
 .text.tud_cdc_n_connected
                0x00000000100089e4       0x30 CMakeFiles/main.dir/mnt/DATA/Projects/pico/pico-sdk/lib/tinyusb/src/class/cdc/cdc_device.c.obj
                0x00000000100089e4                tud_cdc_n_connected
 .text.tud_cdc_n_available
                0x0000000010008a14       0x18 CMakeFiles/main.dir/mnt/DATA/Projects/pico/pico-sdk/lib/tinyusb/src/class/cdc/cdc_device.c.obj
                0x0000000010008a14                tud_cdc_n_available
 .text.tud_cdc_n_read
                0x0000000010008a2c       0x70 CMakeFiles/main.dir/mnt/DATA/Projects/pico/pico-sdk/lib/tinyusb/src/class/cdc/cdc_device.c.obj
                0x0000000010008a2c                tud_cdc_n_read
 .text.tud_cdc_n_write_flush
                0x0000000010008a9c       0x78 CMakeFiles/main.dir/mnt/DATA/Projects/pico/pico-sdk/lib/tinyusb/src/class/cdc/cdc_device.c.obj
                0x0000000010008a9c                tud_cdc_n_write_flush
 .text.tud_cdc_n_write
                0x0000000010008b14       0x34 CMakeFiles/main.dir/mnt/DATA/Projects/pico/pico-sdk/lib/tinyusb/src/class/cdc/cdc_device.c.obj
                0x0000000010008b14                tud_cdc_n_write
 .text.tud_cdc_n_write_available
                0x0000000010008b48       0x18 CMakeFiles/main.dir/mnt/DATA/Projects/pico/pico-sdk/lib/tinyusb/src/class/cdc/cdc_device.c.obj
                0x0000000010008b48                tud_cdc_n_write_available
 .text.cdcd_init
                0x0000000010008b60       0x7c CMakeFiles/main.dir/mnt/DATA/Projects/pico/pico-sdk/lib/tinyusb/src/class/cdc/cdc_device.c.obj
                0x0000000010008b60                cdcd_init
 .text.cdcd_reset
                0x0000000010008bdc       0x2c CMakeFiles/main.dir/mnt/DATA/Projects/pico/pico-sdk/lib/tinyusb/src/class/cdc/cdc_device.c.obj
                0x0000000010008bdc                cdcd_reset
 .text.cdcd_open
                0x0000000010008c08       0xe8 CMakeFiles/main.dir/mnt/DATA/Projects/pico/pico-sdk/lib/tinyusb/src/class/cdc/cdc_device.c.obj
                0x0000000010008c08                cdcd_open
 .text.cdcd_control_xfer_cb
                0x0000000010008cf0       0xe4 CMakeFiles/main.dir/mnt/DATA/Projects/pico/pico-sdk/lib/tinyusb/src/class/cdc/cdc_device.c.obj
                0x0000000010008cf0                cdcd_control_xfer_cb
 .text.cdcd_xfer_cb
                0x0000000010008dd4      0x198 CMakeFiles/main.dir/mnt/DATA/Projects/pico/pico-sdk/lib/tinyusb/src/class/cdc/cdc_device.c.obj
                0x0000000010008dd4                cdcd_xfer_cb
 .text.tusb_init
                0x0000000010008f6c        0xc CMakeFiles/main.dir/mnt/DATA/Projects/pico/pico-sdk/lib/tinyusb/src/tusb.c.obj
                0x0000000010008f6c                tusb_init
 .text.tusb_inited
                0x0000000010008f78        0x8 CMakeFiles/main.dir/mnt/DATA/Projects/pico/pico-sdk/lib/tinyusb/src/tusb.c.obj
                0x0000000010008f78                tusb_inited
 .text.tu_edpt_claim
                0x0000000010008f80       0x50 CMakeFiles/main.dir/mnt/DATA/Projects/pico/pico-sdk/lib/tinyusb/src/tusb.c.obj
                0x0000000010008f80                tu_edpt_claim
 .text.tu_edpt_release
                0x0000000010008fd0       0x38 CMakeFiles/main.dir/mnt/DATA/Projects/pico/pico-sdk/lib/tinyusb/src/tusb.c.obj
                0x0000000010008fd0                tu_edpt_release
 .text.tu_edpt_validate
                0x0000000010009008       0x78 CMakeFiles/main.dir/mnt/DATA/Projects/pico/pico-sdk/lib/tinyusb/src/tusb.c.obj
                0x0000000010009008                tu_edpt_validate
 .text.tu_edpt_bind_driver
                0x0000000010009080       0x34 CMakeFiles/main.dir/mnt/DATA/Projects/pico/pico-sdk/lib/tinyusb/src/tusb.c.obj
                0x0000000010009080                tu_edpt_bind_driver
 .text.tu_fifo_config
                0x00000000100090b4       0x70 CMakeFiles/main.dir/mnt/DATA/Projects/pico/pico-sdk/lib/tinyusb/src/common/tusb_fifo.c.obj
                0x00000000100090b4                tu_fifo_config
 .text.tu_fifo_count
                0x0000000010009124       0x2c CMakeFiles/main.dir/mnt/DATA/Projects/pico/pico-sdk/lib/tinyusb/src/common/tusb_fifo.c.obj
                0x0000000010009124                tu_fifo_count
 .text.tu_fifo_empty
                0x0000000010009150       0x10 CMakeFiles/main.dir/mnt/DATA/Projects/pico/pico-sdk/lib/tinyusb/src/common/tusb_fifo.c.obj
                0x0000000010009150                tu_fifo_empty
 .text.tu_fifo_remaining
                0x0000000010009160       0x2c CMakeFiles/main.dir/mnt/DATA/Projects/pico/pico-sdk/lib/tinyusb/src/common/tusb_fifo.c.obj
                0x0000000010009160                tu_fifo_remaining
 .text.tu_fifo_read
                0x000000001000918c       0x9c CMakeFiles/main.dir/mnt/DATA/Projects/pico/pico-sdk/lib/tinyusb/src/common/tusb_fifo.c.obj
                0x000000001000918c                tu_fifo_read
 .text.tu_fifo_read_n
                0x0000000010009228       0xf0 CMakeFiles/main.dir/mnt/DATA/Projects/pico/pico-sdk/lib/tinyusb/src/common/tusb_fifo.c.obj
                0x0000000010009228                tu_fifo_read_n
 .text.tu_fifo_write
                0x0000000010009318       0x88 CMakeFiles/main.dir/mnt/DATA/Projects/pico/pico-sdk/lib/tinyusb/src/common/tusb_fifo.c.obj
                0x0000000010009318                tu_fifo_write
 .text.tu_fifo_write_n
                0x00000000100093a0      0x158 CMakeFiles/main.dir/mnt/DATA/Projects/pico/pico-sdk/lib/tinyusb/src/common/tusb_fifo.c.obj
                0x00000000100093a0                tu_fifo_write_n
 .text.tu_fifo_clear
                0x00000000100094f8       0x40 CMakeFiles/main.dir/mnt/DATA/Projects/pico/pico-sdk/lib/tinyusb/src/common/tusb_fifo.c.obj
                0x00000000100094f8                tu_fifo_clear
 .text.tu_fifo_set_overwritable
                0x0000000010009538       0x48 CMakeFiles/main.dir/mnt/DATA/Projects/pico/pico-sdk/lib/tinyusb/src/common/tusb_fifo.c.obj
                0x0000000010009538                tu_fifo_set_overwritable
 .text.spi_init
                0x0000000010009580       0xf4 CMakeFiles/main.dir/mnt/DATA/Projects/pico/pico-sdk/src/rp2_common/hardware_spi/spi.c.obj
                0x0000000010009580                spi_init
 .text.__cxa_guard_acquire
                0x0000000010009674       0x38 /usr/lib/gcc/arm-none-eabi/9.2.1/../../../arm-none-eabi/lib/thumb/v6-m/nofp/libstdc++.a(guard.o)
                0x0000000010009674                __cxa_guard_acquire
 .text.__cxa_guard_release
                0x00000000100096ac        0x8 /usr/lib/gcc/arm-none-eabi/9.2.1/../../../arm-none-eabi/lib/thumb/v6-m/nofp/libstdc++.a(guard.o)
                0x00000000100096ac                __cxa_guard_release
 .text._ZN9__gnu_cxx20recursive_init_errorD2Ev
                0x00000000100096b4       0x18 /usr/lib/gcc/arm-none-eabi/9.2.1/../../../arm-none-eabi/lib/thumb/v6-m/nofp/libstdc++.a(guard_error.o)
                0x00000000100096b4                __gnu_cxx::recursive_init_error::~recursive_init_error()
                0x00000000100096b4                __gnu_cxx::recursive_init_error::~recursive_init_error()
 .text._ZN9__gnu_cxx20recursive_init_errorD0Ev
                0x00000000100096cc       0x20 /usr/lib/gcc/arm-none-eabi/9.2.1/../../../arm-none-eabi/lib/thumb/v6-m/nofp/libstdc++.a(guard_error.o)
                0x00000000100096cc                __gnu_cxx::recursive_init_error::~recursive_init_error()
 .text._ZN9__gnu_cxx20recursive_init_errorC2Ev
                0x00000000100096ec        0xc /usr/lib/gcc/arm-none-eabi/9.2.1/../../../arm-none-eabi/lib/thumb/v6-m/nofp/libstdc++.a(guard_error.o)
                0x00000000100096ec                __gnu_cxx::recursive_init_error::recursive_init_error()
                0x00000000100096ec                __gnu_cxx::recursive_init_error::recursive_init_error()
 .text._ZN10__cxxabiv120__si_class_type_infoD2Ev
                0x00000000100096f8       0x18 /usr/lib/gcc/arm-none-eabi/9.2.1/../../../arm-none-eabi/lib/thumb/v6-m/nofp/libstdc++.a(si_class_type_info.o)
                0x00000000100096f8                __cxxabiv1::__si_class_type_info::~__si_class_type_info()
                0x00000000100096f8                __cxxabiv1::__si_class_type_info::~__si_class_type_info()
 .text._ZN10__cxxabiv120__si_class_type_infoD0Ev
                0x0000000010009710       0x20 /usr/lib/gcc/arm-none-eabi/9.2.1/../../../arm-none-eabi/lib/thumb/v6-m/nofp/libstdc++.a(si_class_type_info.o)
                0x0000000010009710                __cxxabiv1::__si_class_type_info::~__si_class_type_info()
 .text._ZNK10__cxxabiv120__si_class_type_info20__do_find_public_srcEiPKvPKNS_17__class_type_infoES2_
                0x0000000010009730       0x38 /usr/lib/gcc/arm-none-eabi/9.2.1/../../../arm-none-eabi/lib/thumb/v6-m/nofp/libstdc++.a(si_class_type_info.o)
                0x0000000010009730                __cxxabiv1::__si_class_type_info::__do_find_public_src(int, void const*, __cxxabiv1::__class_type_info const*, void const*) const
 .text._ZNK10__cxxabiv120__si_class_type_info12__do_dyncastEiNS_17__class_type_info10__sub_kindEPKS1_PKvS4_S6_RNS1_16__dyncast_resultE
                0x0000000010009768       0x9c /usr/lib/gcc/arm-none-eabi/9.2.1/../../../arm-none-eabi/lib/thumb/v6-m/nofp/libstdc++.a(si_class_type_info.o)
                0x0000000010009768                __cxxabiv1::__si_class_type_info::__do_dyncast(int, __cxxabiv1::__class_type_info::__sub_kind, __cxxabiv1::__class_type_info const*, void const*, __cxxabiv1::__class_type_info const*, void const*, __cxxabiv1::__class_type_info::__dyncast_result&) const
 .text._ZNK10__cxxabiv120__si_class_type_info11__do_upcastEPKNS_17__class_type_infoEPKvRNS1_15__upcast_resultE
                0x0000000010009804       0x24 /usr/lib/gcc/arm-none-eabi/9.2.1/../../../arm-none-eabi/lib/thumb/v6-m/nofp/libstdc++.a(si_class_type_info.o)
                0x0000000010009804                __cxxabiv1::__si_class_type_info::__do_upcast(__cxxabiv1::__class_type_info const*, void const*, __cxxabiv1::__class_type_info::__upcast_result&) const
 .text._ZNSt9type_infoD2Ev
                0x0000000010009828        0x4 /usr/lib/gcc/arm-none-eabi/9.2.1/../../../arm-none-eabi/lib/thumb/v6-m/nofp/libstdc++.a(tinfo.o)
                0x0000000010009828                std::type_info::~type_info()
                0x0000000010009828                std::type_info::~type_info()
 .text._ZNKSt9type_info14__is_pointer_pEv
                0x000000001000982c        0x4 /usr/lib/gcc/arm-none-eabi/9.2.1/../../../arm-none-eabi/lib/thumb/v6-m/nofp/libstdc++.a(tinfo.o)
                0x000000001000982c                std::type_info::__is_function_p() const
                0x000000001000982c                std::type_info::__is_pointer_p() const
 .text._ZNKSt9type_infoeqERKS_
                0x0000000010009830       0x30 /usr/lib/gcc/arm-none-eabi/9.2.1/../../../arm-none-eabi/lib/thumb/v6-m/nofp/libstdc++.a(tinfo.o)
                0x0000000010009830                std::type_info::operator==(std::type_info const&) const
 .text._ZNK10__cxxabiv117__class_type_info11__do_upcastEPKS0_PPv
                0x0000000010009860       0x38 /usr/lib/gcc/arm-none-eabi/9.2.1/../../../arm-none-eabi/lib/thumb/v6-m/nofp/libstdc++.a(class_type_info.o)
                0x0000000010009860                __cxxabiv1::__class_type_info::__do_upcast(__cxxabiv1::__class_type_info const*, void**) const
 .text._ZNK10__cxxabiv117__class_type_info20__do_find_public_srcEiPKvPKS0_S2_
                0x0000000010009898       0x14 /usr/lib/gcc/arm-none-eabi/9.2.1/../../../arm-none-eabi/lib/thumb/v6-m/nofp/libstdc++.a(class_type_info.o)
                0x0000000010009898                __cxxabiv1::__class_type_info::__do_find_public_src(int, void const*, __cxxabiv1::__class_type_info const*, void const*) const
 .text._ZN10__cxxabiv117__class_type_infoD2Ev
                0x00000000100098ac       0x18 /usr/lib/gcc/arm-none-eabi/9.2.1/../../../arm-none-eabi/lib/thumb/v6-m/nofp/libstdc++.a(class_type_info.o)
                0x00000000100098ac                __cxxabiv1::__class_type_info::~__class_type_info()
                0x00000000100098ac                __cxxabiv1::__class_type_info::~__class_type_info()
 .text._ZN10__cxxabiv117__class_type_infoD0Ev
                0x00000000100098c4       0x20 /usr/lib/gcc/arm-none-eabi/9.2.1/../../../arm-none-eabi/lib/thumb/v6-m/nofp/libstdc++.a(class_type_info.o)
                0x00000000100098c4                __cxxabiv1::__class_type_info::~__class_type_info()
 .text._ZNK10__cxxabiv117__class_type_info12__do_dyncastEiNS0_10__sub_kindEPKS0_PKvS3_S5_RNS0_16__dyncast_resultE
                0x00000000100098e4       0x40 /usr/lib/gcc/arm-none-eabi/9.2.1/../../../arm-none-eabi/lib/thumb/v6-m/nofp/libstdc++.a(class_type_info.o)
                0x00000000100098e4                __cxxabiv1::__class_type_info::__do_dyncast(int, __cxxabiv1::__class_type_info::__sub_kind, __cxxabiv1::__class_type_info const*, void const*, __cxxabiv1::__class_type_info const*, void const*, __cxxabiv1::__class_type_info::__dyncast_result&) const
 .text._ZNK10__cxxabiv117__class_type_info11__do_upcastEPKS0_PKvRNS0_15__upcast_resultE
                0x0000000010009924       0x1c /usr/lib/gcc/arm-none-eabi/9.2.1/../../../arm-none-eabi/lib/thumb/v6-m/nofp/libstdc++.a(class_type_info.o)
                0x0000000010009924                __cxxabiv1::__class_type_info::__do_upcast(__cxxabiv1::__class_type_info const*, void const*, __cxxabiv1::__class_type_info::__upcast_result&) const
 .text._ZNK10__cxxabiv117__class_type_info10__do_catchEPKSt9type_infoPPvj
                0x0000000010009940       0x24 /usr/lib/gcc/arm-none-eabi/9.2.1/../../../arm-none-eabi/lib/thumb/v6-m/nofp/libstdc++.a(class_type_info.o)
                0x0000000010009940                __cxxabiv1::__class_type_info::__do_catch(std::type_info const*, void**, unsigned int) const
 .text._ZN12_GLOBAL__N_14pool4freeEPv.constprop.0
                0x0000000010009964       0x78 /usr/lib/gcc/arm-none-eabi/9.2.1/../../../arm-none-eabi/lib/thumb/v6-m/nofp/libstdc++.a(eh_alloc.o)
 .text._ZN12_GLOBAL__N_14pool8allocateEj.constprop.0
                0x00000000100099dc       0x50 /usr/lib/gcc/arm-none-eabi/9.2.1/../../../arm-none-eabi/lib/thumb/v6-m/nofp/libstdc++.a(eh_alloc.o)
 .text.__cxa_allocate_exception
                0x0000000010009a2c       0x2c /usr/lib/gcc/arm-none-eabi/9.2.1/../../../arm-none-eabi/lib/thumb/v6-m/nofp/libstdc++.a(eh_alloc.o)
                0x0000000010009a2c                __cxa_allocate_exception
 .text.__cxa_free_exception
                0x0000000010009a58       0x24 /usr/lib/gcc/arm-none-eabi/9.2.1/../../../arm-none-eabi/lib/thumb/v6-m/nofp/libstdc++.a(eh_alloc.o)
                0x0000000010009a58                __cxa_free_exception
 .text.startup._GLOBAL__sub_I__ZN9__gnu_cxx9__freeresEv
                0x0000000010009a7c       0x2c /usr/lib/gcc/arm-none-eabi/9.2.1/../../../arm-none-eabi/lib/thumb/v6-m/nofp/libstdc++.a(eh_alloc.o)
 .text._ZNSt9exceptionD2Ev
                0x0000000010009aa8        0x4 /usr/lib/gcc/arm-none-eabi/9.2.1/../../../arm-none-eabi/lib/thumb/v6-m/nofp/libstdc++.a(eh_exception.o)
                0x0000000010009aa8                std::exception::~exception()
                0x0000000010009aa8                std::exception::~exception()
 .text._ZNSt13bad_exceptionD2Ev
                0x0000000010009aac        0x4 /usr/lib/gcc/arm-none-eabi/9.2.1/../../../arm-none-eabi/lib/thumb/v6-m/nofp/libstdc++.a(eh_exception.o)
                0x0000000010009aac                std::bad_exception::~bad_exception()
                0x0000000010009aac                std::bad_exception::~bad_exception()
 .text._ZNKSt9exception4whatEv
                0x0000000010009ab0        0x8 /usr/lib/gcc/arm-none-eabi/9.2.1/../../../arm-none-eabi/lib/thumb/v6-m/nofp/libstdc++.a(eh_exception.o)
                0x0000000010009ab0                transaction clone for std::exception::what() const
                0x0000000010009ab0                std::exception::what() const
 .text._ZNKSt13bad_exception4whatEv
                0x0000000010009ab8        0x8 /usr/lib/gcc/arm-none-eabi/9.2.1/../../../arm-none-eabi/lib/thumb/v6-m/nofp/libstdc++.a(eh_exception.o)
                0x0000000010009ab8                transaction clone for std::bad_exception::what() const
                0x0000000010009ab8                std::bad_exception::what() const
 .text._ZNSt13bad_exceptionD0Ev
                0x0000000010009ac0       0x10 /usr/lib/gcc/arm-none-eabi/9.2.1/../../../arm-none-eabi/lib/thumb/v6-m/nofp/libstdc++.a(eh_exception.o)
                0x0000000010009ac0                std::bad_exception::~bad_exception()
 .text._ZN10__cxxabiv111__terminateEPFvvE
                0x0000000010009ad0       0x28 /usr/lib/gcc/arm-none-eabi/9.2.1/../../../arm-none-eabi/lib/thumb/v6-m/nofp/libstdc++.a(eh_terminate.o)
                0x0000000010009ad0                __cxxabiv1::__terminate(void (*)())
 .text._ZSt9terminatev
                0x0000000010009af8       0x10 /usr/lib/gcc/arm-none-eabi/9.2.1/../../../arm-none-eabi/lib/thumb/v6-m/nofp/libstdc++.a(eh_terminate.o)
                0x0000000010009af8                std::terminate()
 .text._ZN10__cxxabiv112__unexpectedEPFvvE
                0x0000000010009b08        0x8 /usr/lib/gcc/arm-none-eabi/9.2.1/../../../arm-none-eabi/lib/thumb/v6-m/nofp/libstdc++.a(eh_terminate.o)
                0x0000000010009b08                __cxxabiv1::__unexpected(void (*)())
 .text._ZSt10unexpectedv
                0x0000000010009b10       0x10 /usr/lib/gcc/arm-none-eabi/9.2.1/../../../arm-none-eabi/lib/thumb/v6-m/nofp/libstdc++.a(eh_terminate.o)
                0x0000000010009b10                std::unexpected()
 .text._ZSt13get_terminatev
                0x0000000010009b20        0xc /usr/lib/gcc/arm-none-eabi/9.2.1/../../../arm-none-eabi/lib/thumb/v6-m/nofp/libstdc++.a(eh_terminate.o)
                0x0000000010009b20                std::get_terminate()
 .text._ZSt14get_unexpectedv
                0x0000000010009b2c        0xc /usr/lib/gcc/arm-none-eabi/9.2.1/../../../arm-none-eabi/lib/thumb/v6-m/nofp/libstdc++.a(eh_terminate.o)
                0x0000000010009b2c                std::get_unexpected()
 .text._ZL23__gxx_exception_cleanup19_Unwind_Reason_CodeP21_Unwind_Control_Block
                0x0000000010009b38       0x34 /usr/lib/gcc/arm-none-eabi/9.2.1/../../../arm-none-eabi/lib/thumb/v6-m/nofp/libstdc++.a(eh_throw.o)
 .text.__cxa_init_primary_exception
                0x0000000010009b6c       0x4c /usr/lib/gcc/arm-none-eabi/9.2.1/../../../arm-none-eabi/lib/thumb/v6-m/nofp/libstdc++.a(eh_throw.o)
                0x0000000010009b6c                __cxa_init_primary_exception
 .text.__cxa_throw
                0x0000000010009bb8       0x34 /usr/lib/gcc/arm-none-eabi/9.2.1/../../../arm-none-eabi/lib/thumb/v6-m/nofp/libstdc++.a(eh_throw.o)
                0x0000000010009bb8                __cxa_throw
 .text.__cxa_rethrow
                0x0000000010009bec       0x70 /usr/lib/gcc/arm-none-eabi/9.2.1/../../../arm-none-eabi/lib/thumb/v6-m/nofp/libstdc++.a(eh_throw.o)
                0x0000000010009bec                __cxa_rethrow
 .text.__cxa_end_cleanup
                0x0000000010009c5c        0xc /usr/lib/gcc/arm-none-eabi/9.2.1/../../../arm-none-eabi/lib/thumb/v6-m/nofp/libstdc++.a(eh_arm.o)
                0x0000000010009c5c                __cxa_end_cleanup
 .text.__cxa_type_match
                0x0000000010009c68       0xd0 /usr/lib/gcc/arm-none-eabi/9.2.1/../../../arm-none-eabi/lib/thumb/v6-m/nofp/libstdc++.a(eh_arm.o)
                0x0000000010009c68                __cxa_type_match
 .text.__cxa_begin_cleanup
                0x0000000010009d38       0x60 /usr/lib/gcc/arm-none-eabi/9.2.1/../../../arm-none-eabi/lib/thumb/v6-m/nofp/libstdc++.a(eh_arm.o)
                0x0000000010009d38                __cxa_begin_cleanup
 .text.__gnu_end_cleanup
                0x0000000010009d98       0x70 /usr/lib/gcc/arm-none-eabi/9.2.1/../../../arm-none-eabi/lib/thumb/v6-m/nofp/libstdc++.a(eh_arm.o)
                0x0000000010009d98                __gnu_end_cleanup
 .text._ZN10__cxxabiv1L24__is_gxx_exception_classEPc
                0x0000000010009e08       0x3c /usr/lib/gcc/arm-none-eabi/9.2.1/../../../arm-none-eabi/lib/thumb/v6-m/nofp/libstdc++.a(eh_call.o)
 .text.__cxa_call_terminate
                0x0000000010009e44       0x20 /usr/lib/gcc/arm-none-eabi/9.2.1/../../../arm-none-eabi/lib/thumb/v6-m/nofp/libstdc++.a(eh_call.o)
                0x0000000010009e44                __cxa_call_terminate
 .text.unlikely.__cxa_call_unexpected
                0x0000000010009e64      0x100 /usr/lib/gcc/arm-none-eabi/9.2.1/../../../arm-none-eabi/lib/thumb/v6-m/nofp/libstdc++.a(eh_call.o)
                0x0000000010009e64                __cxa_call_unexpected
 .text.__cxa_begin_catch
                0x0000000010009f64       0x74 /usr/lib/gcc/arm-none-eabi/9.2.1/../../../arm-none-eabi/lib/thumb/v6-m/nofp/libstdc++.a(eh_catch.o)
                0x0000000010009f64                __cxa_begin_catch
 .text.__cxa_end_catch
                0x0000000010009fd8       0x90 /usr/lib/gcc/arm-none-eabi/9.2.1/../../../arm-none-eabi/lib/thumb/v6-m/nofp/libstdc++.a(eh_catch.o)
                0x0000000010009fd8                __cxa_end_catch
 .text.__cxa_get_globals_fast
                0x000000001000a068        0x8 /usr/lib/gcc/arm-none-eabi/9.2.1/../../../arm-none-eabi/lib/thumb/v6-m/nofp/libstdc++.a(eh_globals.o)
                0x000000001000a068                __cxa_get_globals_fast
 .text.__cxa_get_globals
                0x000000001000a070        0x8 /usr/lib/gcc/arm-none-eabi/9.2.1/../../../arm-none-eabi/lib/thumb/v6-m/nofp/libstdc++.a(eh_globals.o)
                0x000000001000a070                __cxa_get_globals
 .text._ZL28read_encoded_value_with_basehjPKhPj
                0x000000001000a078      0x114 /usr/lib/gcc/arm-none-eabi/9.2.1/../../../arm-none-eabi/lib/thumb/v6-m/nofp/libstdc++.a(eh_personality.o)
 .text._ZL21base_of_encoded_valuehP15_Unwind_Context
                0x000000001000a18c       0x48 /usr/lib/gcc/arm-none-eabi/9.2.1/../../../arm-none-eabi/lib/thumb/v6-m/nofp/libstdc++.a(eh_personality.o)
 .text._ZL17parse_lsda_headerP15_Unwind_ContextPKhP16lsda_header_info
                0x000000001000a1d4       0x98 /usr/lib/gcc/arm-none-eabi/9.2.1/../../../arm-none-eabi/lib/thumb/v6-m/nofp/libstdc++.a(eh_personality.o)
 .text.__gxx_personality_v0
                0x000000001000a26c      0x4a4 /usr/lib/gcc/arm-none-eabi/9.2.1/../../../arm-none-eabi/lib/thumb/v6-m/nofp/libstdc++.a(eh_personality.o)
                0x000000001000a26c                __gxx_personality_v0
 .text          0x000000001000a710       0x10 /usr/lib/gcc/arm-none-eabi/9.2.1/../../../arm-none-eabi/lib/thumb/v6-m/nofp/libc.a(lib_a-abort.o)
                0x000000001000a710                abort
 .text          0x000000001000a720       0x10 /usr/lib/gcc/arm-none-eabi/9.2.1/../../../arm-none-eabi/lib/thumb/v6-m/nofp/libc.a(lib_a-atexit.o)
                0x000000001000a720                atexit
 .text          0x000000001000a730       0x28 /usr/lib/gcc/arm-none-eabi/9.2.1/../../../arm-none-eabi/lib/thumb/v6-m/nofp/libc.a(lib_a-malloc.o)
                0x000000001000a730                malloc
                0x000000001000a744                free
 .text          0x000000001000a758      0x58c /usr/lib/gcc/arm-none-eabi/9.2.1/../../../arm-none-eabi/lib/thumb/v6-m/nofp/libc.a(lib_a-mallocr.o)
                0x000000001000a758                _malloc_r
 .text          0x000000001000ace4        0x8 /usr/lib/gcc/arm-none-eabi/9.2.1/../../../arm-none-eabi/lib/thumb/v6-m/nofp/libc.a(lib_a-mlock.o)
                0x000000001000ace4                __malloc_lock
                0x000000001000ace8                __malloc_unlock
 .text          0x000000001000acec       0x24 /usr/lib/gcc/arm-none-eabi/9.2.1/../../../arm-none-eabi/lib/thumb/v6-m/nofp/libc.a(lib_a-sbrkr.o)
                0x000000001000acec                _sbrk_r
 .text          0x000000001000ad10      0x190 /usr/lib/gcc/arm-none-eabi/9.2.1/../../../arm-none-eabi/lib/thumb/v6-m/nofp/libc.a(lib_a-signal.o)
                0x000000001000ad3c                _init_signal_r
                0x000000001000ad58                _signal_r
                0x000000001000ad94                _raise_r
                0x000000001000adf0                __sigtramp_r
                0x000000001000ae40                raise
                0x000000001000ae54                signal
                0x000000001000ae6c                _init_signal
                0x000000001000ae8c                __sigtramp
 .text          0x000000001000aea0       0x30 /usr/lib/gcc/arm-none-eabi/9.2.1/../../../arm-none-eabi/lib/thumb/v6-m/nofp/libc.a(lib_a-signalr.o)
                0x000000001000aea0                _kill_r
                0x000000001000aec8                _getpid_r
 .text          0x000000001000aed0       0x88 /usr/lib/gcc/arm-none-eabi/9.2.1/../../../arm-none-eabi/lib/thumb/v6-m/nofp/libc.a(lib_a-strcmp.o)
                0x000000001000aed0                strcmp
 .text          0x000000001000af58       0x68 /usr/lib/gcc/arm-none-eabi/9.2.1/../../../arm-none-eabi/lib/thumb/v6-m/nofp/libc.a(lib_a-strlen-stub.o)
                0x000000001000af58                strlen
 .text          0x000000001000afc0       0x88 /usr/lib/gcc/arm-none-eabi/9.2.1/../../../arm-none-eabi/lib/thumb/v6-m/nofp/libc.a(lib_a-__atexit.o)
                0x000000001000afc0                __register_exitproc
 .text          0x000000001000b048      0x27c /usr/lib/gcc/arm-none-eabi/9.2.1/../../../arm-none-eabi/lib/thumb/v6-m/nofp/libc.a(lib_a-freer.o)
                0x000000001000b048                _malloc_trim_r
                0x000000001000b0e8                _free_r
 *(.fini)
 .fini          0x000000001000b2c4        0x4 /usr/lib/gcc/arm-none-eabi/9.2.1/thumb/v6-m/nofp/crti.o
                0x000000001000b2c4                _fini
 .fini.__stub   0x000000001000b2c8      0x1b0 linker stubs
 *crtbegin.o(.ctors)
 *crtbegin?.o(.ctors)
 *(EXCLUDE_FILE(*crtend.o *crtend?.o) .ctors)
 *(SORT_BY_NAME(.ctors.*))
 *(.ctors)
 *crtbegin.o(.dtors)
 *crtbegin?.o(.dtors)
 *(EXCLUDE_FILE(*crtend.o *crtend?.o) .dtors)
 *(SORT_BY_NAME(.dtors.*))
 *(.dtors)
 *(.eh_frame*)
 .eh_frame      0x000000001000b478        0x0 /usr/lib/gcc/arm-none-eabi/9.2.1/thumb/v6-m/nofp/crtbegin.o
                0x000000001000b478                . = ALIGN (0x4)

.glue_7         0x000000001000b478        0x0
 .glue_7        0x000000001000b478        0x0 linker stubs

.glue_7t        0x000000001000b478        0x0
 .glue_7t       0x000000001000b478        0x0 linker stubs

.vfp11_veneer   0x000000001000b478        0x0
 .vfp11_veneer  0x000000001000b478        0x0 linker stubs

.v4_bx          0x000000001000b478        0x0
 .v4_bx         0x000000001000b478        0x0 linker stubs

.iplt           0x000000001000b478        0x0
 .iplt          0x000000001000b478        0x0 /usr/lib/gcc/arm-none-eabi/9.2.1/thumb/v6-m/nofp/crtbegin.o

.rodata         0x000000001000b478     0x3348
 *(EXCLUDE_FILE(*libm.a: *libc.a:*lib_a-mem*.o *libgcc.a:) .rodata*)
 .rodata.main.str1.4
                0x000000001000b478       0x5e CMakeFiles/main.dir/Src/main.cpp.obj
                                         0x62 (size before relaxing)
 *fill*         0x000000001000b4d6        0x2 
 .rodata.str1.4
                0x000000001000b4d8        0x7 CMakeFiles/main.dir/Drivers/bme280/bme280_spi.cpp.obj
 *fill*         0x000000001000b4df        0x1 
 .rodata._ZN7Display10boot_panelEv.str1.4
                0x000000001000b4e0        0xa CMakeFiles/main.dir/Drivers/Display/display.cpp.obj
 *fill*         0x000000001000b4ea        0x2 
 .rodata._ZN7Display13refresh_panelEffff.str1.4
                0x000000001000b4ec       0x28 CMakeFiles/main.dir/Drivers/Display/display.cpp.obj
 .rodata.EPD_1IN54_V2_SetLut.str1.4
                0x000000001000b514       0x35 CMakeFiles/main.dir/Drivers/Display/e-Paper/EPD_1in54_V2.c.obj
 *fill*         0x000000001000b549        0x3 
 .rodata.Font20_Table
                0x000000001000b54c      0xed8 CMakeFiles/main.dir/Drivers/Display/Fonts/font20.c.obj
                0x000000001000b54c                Font20_Table
 .rodata.Font24_Table
                0x000000001000c424     0x1ab8 CMakeFiles/main.dir/Drivers/Display/Fonts/font24.c.obj
                0x000000001000c424                Font24_Table
 .rodata.Paint_SetPixel.part.0.str1.4
                0x000000001000dedc       0x25 CMakeFiles/main.dir/Drivers/Display/GUI/GUI_Paint.c.obj
 *fill*         0x000000001000df01        0x3 
 .rodata.Paint_DrawLine.constprop.0.str1.4
                0x000000001000df04       0xc9 CMakeFiles/main.dir/Drivers/Display/GUI/GUI_Paint.c.obj
 *fill*         0x000000001000dfcd        0x3 
 .rodata.Paint_DrawRectangle.str1.4
                0x000000001000dfd0       0x2f CMakeFiles/main.dir/Drivers/Display/GUI/GUI_Paint.c.obj
 *fill*         0x000000001000dfff        0x1 
 .rodata.Paint_DrawChar.str1.4
                0x000000001000e000       0x3e CMakeFiles/main.dir/Drivers/Display/GUI/GUI_Paint.c.obj
 *fill*         0x000000001000e03e        0x2 
 .rodata.Paint_DrawString_EN.str1.4
                0x000000001000e040       0x43 CMakeFiles/main.dir/Drivers/Display/GUI/GUI_Paint.c.obj
 *fill*         0x000000001000e083        0x1 
 .rodata.spin_lock_claim_unused.str1.4
                0x000000001000e084       0x1b CMakeFiles/main.dir/mnt/DATA/Projects/pico/pico-sdk/src/rp2_common/hardware_sync/sync.c.obj
 *fill*         0x000000001000e09f        0x1 
 .rodata.user_irq_claim_unused.str1.4
                0x000000001000e0a0       0x1b CMakeFiles/main.dir/mnt/DATA/Projects/pico/pico-sdk/src/rp2_common/hardware_irq/irq.c.obj
 *fill*         0x000000001000e0bb        0x1 
 .rodata.hardware_alarm_claim.str1.4
                0x000000001000e0bc       0x22 CMakeFiles/main.dir/mnt/DATA/Projects/pico/pico-sdk/src/rp2_common/hardware_timer/timer.c.obj
 *fill*         0x000000001000e0de        0x2 
 .rodata.panic.str1.4
                0x000000001000e0e0       0x10 CMakeFiles/main.dir/mnt/DATA/Projects/pico/pico-sdk/src/rp2_common/pico_runtime/runtime.c.obj
                                         0x12 (size before relaxing)
 .rodata.hard_assertion_failure.str1.4
                0x000000001000e0f0        0xc CMakeFiles/main.dir/mnt/DATA/Projects/pico/pico-sdk/src/rp2_common/pico_runtime/runtime.c.obj
 .rodata._ftoa.str1.4
                0x000000001000e0fc       0x15 CMakeFiles/main.dir/mnt/DATA/Projects/pico/pico-sdk/src/rp2_common/pico_printf/printf.c.obj
 *fill*         0x000000001000e111        0x3 
 .rodata._vsnprintf
                0x000000001000e114      0x1e0 CMakeFiles/main.dir/mnt/DATA/Projects/pico/pico-sdk/src/rp2_common/pico_printf/printf.c.obj
 *fill*         0x000000001000e2f4        0x4 
 .rodata.pow10.5452
                0x000000001000e2f8       0x50 CMakeFiles/main.dir/mnt/DATA/Projects/pico/pico-sdk/src/rp2_common/pico_printf/printf.c.obj
 .rodata.__wrap_malloc.str1.4
                0x000000001000e348        0xe CMakeFiles/main.dir/mnt/DATA/Projects/pico/pico-sdk/src/rp2_common/pico_malloc/pico_malloc.c.obj
 *fill*         0x000000001000e356        0x2 
 .rodata.str1.4
                0x000000001000e358       0x3c CMakeFiles/main.dir/mnt/DATA/Projects/pico/pico-sdk/src/rp2_common/pico_standard_link/binary_info.c.obj
 .rodata.__bi_44
                0x000000001000e394        0xc CMakeFiles/main.dir/mnt/DATA/Projects/pico/pico-sdk/src/rp2_common/pico_standard_link/binary_info.c.obj
 .rodata.__bi_75
                0x000000001000e3a0        0xc CMakeFiles/main.dir/mnt/DATA/Projects/pico/pico-sdk/src/rp2_common/pico_standard_link/binary_info.c.obj
 .rodata.__bi_81
                0x000000001000e3ac        0xc CMakeFiles/main.dir/mnt/DATA/Projects/pico/pico-sdk/src/rp2_common/pico_standard_link/binary_info.c.obj
 .rodata.crlf_str.6086
                0x000000001000e3b8        0x2 CMakeFiles/main.dir/mnt/DATA/Projects/pico/pico-sdk/src/rp2_common/pico_stdio/stdio.c.obj
 *fill*         0x000000001000e3ba        0x2 
 .rodata._resetd_driver
                0x000000001000e3bc       0x18 CMakeFiles/main.dir/mnt/DATA/Projects/pico/pico-sdk/src/rp2_common/pico_stdio_usb/reset_interface.c.obj
 .rodata.str1.4
                0x000000001000e3d4       0x13 CMakeFiles/main.dir/mnt/DATA/Projects/pico/pico-sdk/src/rp2_common/pico_stdio_usb/stdio_usb.c.obj
 *fill*         0x000000001000e3e7        0x1 
 .rodata.__bi_188.7657
                0x000000001000e3e8        0xc CMakeFiles/main.dir/mnt/DATA/Projects/pico/pico-sdk/src/rp2_common/pico_stdio_usb/stdio_usb.c.obj
 .rodata.str1.4
                0x000000001000e3f4       0x2a CMakeFiles/main.dir/mnt/DATA/Projects/pico/pico-sdk/src/rp2_common/pico_stdio_usb/stdio_usb_descriptors.c.obj
 *fill*         0x000000001000e41e        0x2 
 .rodata.usbd_desc_cfg
                0x000000001000e420       0x54 CMakeFiles/main.dir/mnt/DATA/Projects/pico/pico-sdk/src/rp2_common/pico_stdio_usb/stdio_usb_descriptors.c.obj
 .rodata.usbd_desc_device
                0x000000001000e474       0x12 CMakeFiles/main.dir/mnt/DATA/Projects/pico/pico-sdk/src/rp2_common/pico_stdio_usb/stdio_usb_descriptors.c.obj
 *fill*         0x000000001000e486        0x2 
 .rodata.usbd_desc_str
                0x000000001000e488       0x18 CMakeFiles/main.dir/mnt/DATA/Projects/pico/pico-sdk/src/rp2_common/pico_stdio_usb/stdio_usb_descriptors.c.obj
 .rodata.str1.4
                0x000000001000e4a0       0x14 CMakeFiles/main.dir/mnt/DATA/Projects/pico/pico-sdk/lib/tinyusb/src/portable/raspberrypi/rp2040/dcd_rp2040.c.obj
 .rodata.str1.4
                0x000000001000e4b4       0x53 CMakeFiles/main.dir/mnt/DATA/Projects/pico/pico-sdk/lib/tinyusb/src/portable/raspberrypi/rp2040/rp2040_usb.c.obj
 *fill*         0x000000001000e507        0x1 
 .rodata.tud_task_ext
                0x000000001000e508       0x8c CMakeFiles/main.dir/mnt/DATA/Projects/pico/pico-sdk/lib/tinyusb/src/device/usbd.c.obj
 .rodata._usbd_driver
                0x000000001000e594       0x18 CMakeFiles/main.dir/mnt/DATA/Projects/pico/pico-sdk/lib/tinyusb/src/device/usbd.c.obj
 .rodata._ZTIN9__gnu_cxx20recursive_init_errorE
                0x000000001000e5ac        0xc /usr/lib/gcc/arm-none-eabi/9.2.1/../../../arm-none-eabi/lib/thumb/v6-m/nofp/libstdc++.a(guard_error.o)
                0x000000001000e5ac                typeinfo for __gnu_cxx::recursive_init_error
 .rodata._ZTSN9__gnu_cxx20recursive_init_errorE
                0x000000001000e5b8       0x23 /usr/lib/gcc/arm-none-eabi/9.2.1/../../../arm-none-eabi/lib/thumb/v6-m/nofp/libstdc++.a(guard_error.o)
                0x000000001000e5b8                typeinfo name for __gnu_cxx::recursive_init_error
 *fill*         0x000000001000e5db        0x1 
 .rodata._ZTVN9__gnu_cxx20recursive_init_errorE
                0x000000001000e5dc       0x14 /usr/lib/gcc/arm-none-eabi/9.2.1/../../../arm-none-eabi/lib/thumb/v6-m/nofp/libstdc++.a(guard_error.o)
                0x000000001000e5dc                vtable for __gnu_cxx::recursive_init_error
 .rodata._ZTIN10__cxxabiv120__si_class_type_infoE
                0x000000001000e5f0        0xc /usr/lib/gcc/arm-none-eabi/9.2.1/../../../arm-none-eabi/lib/thumb/v6-m/nofp/libstdc++.a(si_class_type_info.o)
                0x000000001000e5f0                typeinfo for __cxxabiv1::__si_class_type_info
 .rodata._ZTSN10__cxxabiv120__si_class_type_infoE
                0x000000001000e5fc       0x25 /usr/lib/gcc/arm-none-eabi/9.2.1/../../../arm-none-eabi/lib/thumb/v6-m/nofp/libstdc++.a(si_class_type_info.o)
                0x000000001000e5fc                typeinfo name for __cxxabiv1::__si_class_type_info
 *fill*         0x000000001000e621        0x3 
 .rodata._ZTVN10__cxxabiv120__si_class_type_infoE
                0x000000001000e624       0x2c /usr/lib/gcc/arm-none-eabi/9.2.1/../../../arm-none-eabi/lib/thumb/v6-m/nofp/libstdc++.a(si_class_type_info.o)
                0x000000001000e624                vtable for __cxxabiv1::__si_class_type_info
 .rodata._ZTISt9type_info
                0x000000001000e650        0x8 /usr/lib/gcc/arm-none-eabi/9.2.1/../../../arm-none-eabi/lib/thumb/v6-m/nofp/libstdc++.a(tinfo.o)
                0x000000001000e650                typeinfo for std::type_info
 .rodata._ZTSSt9type_info
                0x000000001000e658        0xd /usr/lib/gcc/arm-none-eabi/9.2.1/../../../arm-none-eabi/lib/thumb/v6-m/nofp/libstdc++.a(tinfo.o)
                0x000000001000e658                typeinfo name for std::type_info
 *fill*         0x000000001000e665        0x3 
 .rodata._ZTIN10__cxxabiv117__class_type_infoE
                0x000000001000e668        0xc /usr/lib/gcc/arm-none-eabi/9.2.1/../../../arm-none-eabi/lib/thumb/v6-m/nofp/libstdc++.a(class_type_info.o)
                0x000000001000e668                typeinfo for __cxxabiv1::__class_type_info
 .rodata._ZTSN10__cxxabiv117__class_type_infoE
                0x000000001000e674       0x22 /usr/lib/gcc/arm-none-eabi/9.2.1/../../../arm-none-eabi/lib/thumb/v6-m/nofp/libstdc++.a(class_type_info.o)
                0x000000001000e674                typeinfo name for __cxxabiv1::__class_type_info
 *fill*         0x000000001000e696        0x2 
 .rodata._ZTVN10__cxxabiv117__class_type_infoE
                0x000000001000e698       0x2c /usr/lib/gcc/arm-none-eabi/9.2.1/../../../arm-none-eabi/lib/thumb/v6-m/nofp/libstdc++.a(class_type_info.o)
                0x000000001000e698                vtable for __cxxabiv1::__class_type_info
 .rodata._ZNKSt9exception4whatEv.str1.4
                0x000000001000e6c4        0xf /usr/lib/gcc/arm-none-eabi/9.2.1/../../../arm-none-eabi/lib/thumb/v6-m/nofp/libstdc++.a(eh_exception.o)
 *fill*         0x000000001000e6d3        0x1 
 .rodata._ZNKSt13bad_exception4whatEv.str1.4
                0x000000001000e6d4       0x13 /usr/lib/gcc/arm-none-eabi/9.2.1/../../../arm-none-eabi/lib/thumb/v6-m/nofp/libstdc++.a(eh_exception.o)
 *fill*         0x000000001000e6e7        0x1 
 .rodata._ZTIN10__cxxabiv115__forced_unwindE
                0x000000001000e6e8        0x8 /usr/lib/gcc/arm-none-eabi/9.2.1/../../../arm-none-eabi/lib/thumb/v6-m/nofp/libstdc++.a(eh_exception.o)
                0x000000001000e6e8                typeinfo for __cxxabiv1::__forced_unwind
 .rodata._ZTIN10__cxxabiv119__foreign_exceptionE
                0x000000001000e6f0        0x8 /usr/lib/gcc/arm-none-eabi/9.2.1/../../../arm-none-eabi/lib/thumb/v6-m/nofp/libstdc++.a(eh_exception.o)
                0x000000001000e6f0                typeinfo for __cxxabiv1::__foreign_exception
 .rodata._ZTISt13bad_exception
                0x000000001000e6f8        0xc /usr/lib/gcc/arm-none-eabi/9.2.1/../../../arm-none-eabi/lib/thumb/v6-m/nofp/libstdc++.a(eh_exception.o)
                0x000000001000e6f8                typeinfo for std::bad_exception
 .rodata._ZTISt9exception
                0x000000001000e704        0x8 /usr/lib/gcc/arm-none-eabi/9.2.1/../../../arm-none-eabi/lib/thumb/v6-m/nofp/libstdc++.a(eh_exception.o)
                0x000000001000e704                typeinfo for std::exception
 .rodata._ZTSN10__cxxabiv115__forced_unwindE
                0x000000001000e70c       0x20 /usr/lib/gcc/arm-none-eabi/9.2.1/../../../arm-none-eabi/lib/thumb/v6-m/nofp/libstdc++.a(eh_exception.o)
                0x000000001000e70c                typeinfo name for __cxxabiv1::__forced_unwind
 .rodata._ZTSN10__cxxabiv119__foreign_exceptionE
                0x000000001000e72c       0x24 /usr/lib/gcc/arm-none-eabi/9.2.1/../../../arm-none-eabi/lib/thumb/v6-m/nofp/libstdc++.a(eh_exception.o)
                0x000000001000e72c                typeinfo name for __cxxabiv1::__foreign_exception